Archive member included to satisfy reference by file (symbol)

/opt/st/stm32cubeide_1.4.0/plugins/com.st.stm32cube.ide.mcu.externaltools.gnu-tools-for-stm32.7-2018-q2-update.linux64_1.4.0.202007081208/tools/bin/../lib/gcc/arm-none-eabi/7.3.1/../../../../arm-none-eabi/lib/thumb/v7e-m/fpv5/hard/libc_nano.a(lib_a-errno.o)
                              Core/Src/retarget.o (__errno)
/opt/st/stm32cubeide_1.4.0/plugins/com.st.stm32cube.ide.mcu.externaltools.gnu-tools-for-stm32.7-2018-q2-update.linux64_1.4.0.202007081208/tools/bin/../lib/gcc/arm-none-eabi/7.3.1/../../../../arm-none-eabi/lib/thumb/v7e-m/fpv5/hard/libc_nano.a(lib_a-exit.o)
                              /opt/st/stm32cubeide_1.4.0/plugins/com.st.stm32cube.ide.mcu.externaltools.gnu-tools-for-stm32.7-2018-q2-update.linux64_1.4.0.202007081208/tools/bin/../lib/gcc/arm-none-eabi/7.3.1/../../../../arm-none-eabi/lib/thumb/v7e-m/fpv5/hard/crt0.o (exit)
/opt/st/stm32cubeide_1.4.0/plugins/com.st.stm32cube.ide.mcu.externaltools.gnu-tools-for-stm32.7-2018-q2-update.linux64_1.4.0.202007081208/tools/bin/../lib/gcc/arm-none-eabi/7.3.1/../../../../arm-none-eabi/lib/thumb/v7e-m/fpv5/hard/libc_nano.a(lib_a-impure.o)
                              /opt/st/stm32cubeide_1.4.0/plugins/com.st.stm32cube.ide.mcu.externaltools.gnu-tools-for-stm32.7-2018-q2-update.linux64_1.4.0.202007081208/tools/bin/../lib/gcc/arm-none-eabi/7.3.1/../../../../arm-none-eabi/lib/thumb/v7e-m/fpv5/hard/libc_nano.a(lib_a-exit.o) (_global_impure_ptr)
/opt/st/stm32cubeide_1.4.0/plugins/com.st.stm32cube.ide.mcu.externaltools.gnu-tools-for-stm32.7-2018-q2-update.linux64_1.4.0.202007081208/tools/bin/../lib/gcc/arm-none-eabi/7.3.1/../../../../arm-none-eabi/lib/thumb/v7e-m/fpv5/hard/libc_nano.a(lib_a-init.o)
                              /opt/st/stm32cubeide_1.4.0/plugins/com.st.stm32cube.ide.mcu.externaltools.gnu-tools-for-stm32.7-2018-q2-update.linux64_1.4.0.202007081208/tools/bin/../lib/gcc/arm-none-eabi/7.3.1/../../../../arm-none-eabi/lib/thumb/v7e-m/fpv5/hard/crt0.o (__libc_init_array)
/opt/st/stm32cubeide_1.4.0/plugins/com.st.stm32cube.ide.mcu.externaltools.gnu-tools-for-stm32.7-2018-q2-update.linux64_1.4.0.202007081208/tools/bin/../lib/gcc/arm-none-eabi/7.3.1/../../../../arm-none-eabi/lib/thumb/v7e-m/fpv5/hard/libc_nano.a(lib_a-memcpy-stub.o)
                              Drivers/STM32H7xx_HAL_Driver/Src/stm32h7xx_hal_fdcan.o (memcpy)
/opt/st/stm32cubeide_1.4.0/plugins/com.st.stm32cube.ide.mcu.externaltools.gnu-tools-for-stm32.7-2018-q2-update.linux64_1.4.0.202007081208/tools/bin/../lib/gcc/arm-none-eabi/7.3.1/../../../../arm-none-eabi/lib/thumb/v7e-m/fpv5/hard/libc_nano.a(lib_a-memset.o)
                              /opt/st/stm32cubeide_1.4.0/plugins/com.st.stm32cube.ide.mcu.externaltools.gnu-tools-for-stm32.7-2018-q2-update.linux64_1.4.0.202007081208/tools/bin/../lib/gcc/arm-none-eabi/7.3.1/../../../../arm-none-eabi/lib/thumb/v7e-m/fpv5/hard/crt0.o (memset)
/opt/st/stm32cubeide_1.4.0/plugins/com.st.stm32cube.ide.mcu.externaltools.gnu-tools-for-stm32.7-2018-q2-update.linux64_1.4.0.202007081208/tools/bin/../lib/gcc/arm-none-eabi/7.3.1/../../../../arm-none-eabi/lib/thumb/v7e-m/fpv5/hard/libc_nano.a(lib_a-printf.o)
                              Core/Src/main.o (printf)
/opt/st/stm32cubeide_1.4.0/plugins/com.st.stm32cube.ide.mcu.externaltools.gnu-tools-for-stm32.7-2018-q2-update.linux64_1.4.0.202007081208/tools/bin/../lib/gcc/arm-none-eabi/7.3.1/../../../../arm-none-eabi/lib/thumb/v7e-m/fpv5/hard/libc_nano.a(lib_a-putchar.o)
                              Core/Src/main.o (putchar)
/opt/st/stm32cubeide_1.4.0/plugins/com.st.stm32cube.ide.mcu.externaltools.gnu-tools-for-stm32.7-2018-q2-update.linux64_1.4.0.202007081208/tools/bin/../lib/gcc/arm-none-eabi/7.3.1/../../../../arm-none-eabi/lib/thumb/v7e-m/fpv5/hard/libc_nano.a(lib_a-setvbuf.o)
                              Core/Src/retarget.o (setvbuf)
/opt/st/stm32cubeide_1.4.0/plugins/com.st.stm32cube.ide.mcu.externaltools.gnu-tools-for-stm32.7-2018-q2-update.linux64_1.4.0.202007081208/tools/bin/../lib/gcc/arm-none-eabi/7.3.1/../../../../arm-none-eabi/lib/thumb/v7e-m/fpv5/hard/libc_nano.a(lib_a-fflush.o)
                              /opt/st/stm32cubeide_1.4.0/plugins/com.st.stm32cube.ide.mcu.externaltools.gnu-tools-for-stm32.7-2018-q2-update.linux64_1.4.0.202007081208/tools/bin/../lib/gcc/arm-none-eabi/7.3.1/../../../../arm-none-eabi/lib/thumb/v7e-m/fpv5/hard/libc_nano.a(lib_a-setvbuf.o) (_fflush_r)
/opt/st/stm32cubeide_1.4.0/plugins/com.st.stm32cube.ide.mcu.externaltools.gnu-tools-for-stm32.7-2018-q2-update.linux64_1.4.0.202007081208/tools/bin/../lib/gcc/arm-none-eabi/7.3.1/../../../../arm-none-eabi/lib/thumb/v7e-m/fpv5/hard/libc_nano.a(lib_a-findfp.o)
                              /opt/st/stm32cubeide_1.4.0/plugins/com.st.stm32cube.ide.mcu.externaltools.gnu-tools-for-stm32.7-2018-q2-update.linux64_1.4.0.202007081208/tools/bin/../lib/gcc/arm-none-eabi/7.3.1/../../../../arm-none-eabi/lib/thumb/v7e-m/fpv5/hard/libc_nano.a(lib_a-printf.o) (__sinit)
[...]
Memory Configuration

Name             Origin             Length             Attributes
DTCMRAM          0x0000000020000000 0x0000000000020000 xrw
ITCMRAM          0x0000000000000000 0x0000000000010000 xrw
RAM_D1           0x0000000024000000 0x0000000000080000 xrw
RAM_D2           0x0000000030000000 0x0000000000048000 xrw
RAM_D3           0x0000000038000000 0x0000000000010000 xrw
FLASH            0x0000000008000000 0x0000000000200000 xr
*default*        0x0000000000000000 0xffffffffffffffff

Linker script and memory map

LOAD /opt/st/stm32cubeide_1.4.0/plugins/com.st.stm32cube.ide.mcu.externaltools.gnu-tools-for-stm32.7-2018-q2-update.linux64_1.4.0.202007081208/tools/bin/../lib/gcc/arm-none-eabi/7.3.1/thumb/v7e-m/fpv5/hard/crti.o
LOAD /opt/st/stm32cubeide_1.4.0/plugins/com.st.stm32cube.ide.mcu.externaltools.gnu-tools-for-stm32.7-2018-q2-update.linux64_1.4.0.202007081208/tools/bin/../lib/gcc/arm-none-eabi/7.3.1/thumb/v7e-m/fpv5/hard/crtbegin.o
LOAD /opt/st/stm32cubeide_1.4.0/plugins/com.st.stm32cube.ide.mcu.externaltools.gnu-tools-for-stm32.7-2018-q2-update.linux64_1.4.0.202007081208/tools/bin/../lib/gcc/arm-none-eabi/7.3.1/../../../../arm-none-eabi/lib/thumb/v7e-m/fpv5/hard/crt0.o
LOAD Core/Src/main.o
LOAD Core/Src/retarget.o
LOAD Core/Src/stm32h7xx_hal_msp.o
LOAD Core/Src/stm32h7xx_it.o
LOAD Core/Src/sysmem.o
LOAD Core/Src/system_stm32h7xx.o
LOAD Core/Startup/startup_stm32h743zitx.o
LOAD Drivers/STM32H7xx_HAL_Driver/Src/stm32h7xx_hal.o
LOAD Drivers/STM32H7xx_HAL_Driver/Src/stm32h7xx_hal_cortex.o
LOAD Drivers/STM32H7xx_HAL_Driver/Src/stm32h7xx_hal_dma.o
LOAD Drivers/STM32H7xx_HAL_Driver/Src/stm32h7xx_hal_dma_ex.o
LOAD Drivers/STM32H7xx_HAL_Driver/Src/stm32h7xx_hal_exti.o
LOAD Drivers/STM32H7xx_HAL_Driver/Src/stm32h7xx_hal_fdcan.o
LOAD Drivers/STM32H7xx_HAL_Driver/Src/stm32h7xx_hal_flash.o
LOAD Drivers/STM32H7xx_HAL_Driver/Src/stm32h7xx_hal_flash_ex.o
LOAD Drivers/STM32H7xx_HAL_Driver/Src/stm32h7xx_hal_gpio.o
LOAD Drivers/STM32H7xx_HAL_Driver/Src/stm32h7xx_hal_hsem.o
LOAD Drivers/STM32H7xx_HAL_Driver/Src/stm32h7xx_hal_i2c.o
LOAD Drivers/STM32H7xx_HAL_Driver/Src/stm32h7xx_hal_i2c_ex.o
LOAD Drivers/STM32H7xx_HAL_Driver/Src/stm32h7xx_hal_mdma.o
LOAD Drivers/STM32H7xx_HAL_Driver/Src/stm32h7xx_hal_pwr.o
LOAD Drivers/STM32H7xx_HAL_Driver/Src/stm32h7xx_hal_pwr_ex.o
LOAD Drivers/STM32H7xx_HAL_Driver/Src/stm32h7xx_hal_rcc.o
LOAD Drivers/STM32H7xx_HAL_Driver/Src/stm32h7xx_hal_rcc_ex.o
LOAD Drivers/STM32H7xx_HAL_Driver/Src/stm32h7xx_hal_tim.o
LOAD Drivers/STM32H7xx_HAL_Driver/Src/stm32h7xx_hal_tim_ex.o
LOAD Drivers/STM32H7xx_HAL_Driver/Src/stm32h7xx_hal_uart.o
LOAD Drivers/STM32H7xx_HAL_Driver/Src/stm32h7xx_hal_uart_ex.o
START GROUP
LOAD /opt/st/stm32cubeide_1.4.0/plugins/com.st.stm32cube.ide.mcu.externaltools.gnu-tools-for-stm32.7-2018-q2-update.linux64_1.4.0.202007081208/tools/bin/../lib/gcc/arm-none-eabi/7.3.1/../../../../arm-none-eabi/lib/thumb/v7e-m/fpv5/hard/libc_nano.a
LOAD /opt/st/stm32cubeide_1.4.0/plugins/com.st.stm32cube.ide.mcu.externaltools.gnu-tools-for-stm32.7-2018-q2-update.linux64_1.4.0.202007081208/tools/bin/../lib/gcc/arm-none-eabi/7.3.1/../../../../arm-none-eabi/lib/thumb/v7e-m/fpv5/hard/libm.a
END GROUP
START GROUP
LOAD /opt/st/stm32cubeide_1.4.0/plugins/com.st.stm32cube.ide.mcu.externaltools.gnu-tools-for-stm32.7-2018-q2-update.linux64_1.4.0.202007081208/tools/bin/../lib/gcc/arm-none-eabi/7.3.1/thumb/v7e-m/fpv5/hard/libgcc.a
LOAD /opt/st/stm32cubeide_1.4.0/plugins/com.st.stm32cube.ide.mcu.externaltools.gnu-tools-for-stm32.7-2018-q2-update.linux64_1.4.0.202007081208/tools/bin/../lib/gcc/arm-none-eabi/7.3.1/../../../../arm-none-eabi/lib/thumb/v7e-m/fpv5/hard/libc_nano.a
END GROUP
START GROUP
LOAD /opt/st/stm32cubeide_1.4.0/plugins/com.st.stm32cube.ide.mcu.externaltools.gnu-tools-for-stm32.7-2018-q2-update.linux64_1.4.0.202007081208/tools/bin/../lib/gcc/arm-none-eabi/7.3.1/thumb/v7e-m/fpv5/hard/libgcc.a
LOAD /opt/st/stm32cubeide_1.4.0/plugins/com.st.stm32cube.ide.mcu.externaltools.gnu-tools-for-stm32.7-2018-q2-update.linux64_1.4.0.202007081208/tools/bin/../lib/gcc/arm-none-eabi/7.3.1/../../../../arm-none-eabi/lib/thumb/v7e-m/fpv5/hard/libc_nano.a
LOAD /opt/st/stm32cubeide_1.4.0/plugins/com.st.stm32cube.ide.mcu.externaltools.gnu-tools-for-stm32.7-2018-q2-update.linux64_1.4.0.202007081208/tools/bin/../lib/gcc/arm-none-eabi/7.3.1/../../../../arm-none-eabi/lib/thumb/v7e-m/fpv5/hard/libnosys.a
END GROUP
START GROUP
LOAD /opt/st/stm32cubeide_1.4.0/plugins/com.st.stm32cube.ide.mcu.externaltools.gnu-tools-for-stm32.7-2018-q2-update.linux64_1.4.0.202007081208/tools/bin/../lib/gcc/arm-none-eabi/7.3.1/thumb/v7e-m/fpv5/hard/libgcc.a
LOAD /opt/st/stm32cubeide_1.4.0/plugins/com.st.stm32cube.ide.mcu.externaltools.gnu-tools-for-stm32.7-2018-q2-update.linux64_1.4.0.202007081208/tools/bin/../lib/gcc/arm-none-eabi/7.3.1/../../../../arm-none-eabi/lib/thumb/v7e-m/fpv5/hard/libc_nano.a
LOAD /opt/st/stm32cubeide_1.4.0/plugins/com.st.stm32cube.ide.mcu.externaltools.gnu-tools-for-stm32.7-2018-q2-update.linux64_1.4.0.202007081208/tools/bin/../lib/gcc/arm-none-eabi/7.3.1/../../../../arm-none-eabi/lib/thumb/v7e-m/fpv5/hard/libnosys.a
END GROUP
LOAD /opt/st/stm32cubeide_1.4.0/plugins/com.st.stm32cube.ide.mcu.externaltools.gnu-tools-for-stm32.7-2018-q2-update.linux64_1.4.0.202007081208/tools/bin/../lib/gcc/arm-none-eabi/7.3.1/thumb/v7e-m/fpv5/hard/crtend.o
LOAD /opt/st/stm32cubeide_1.4.0/plugins/com.st.stm32cube.ide.mcu.externaltools.gnu-tools-for-stm32.7-2018-q2-update.linux64_1.4.0.202007081208/tools/bin/../lib/gcc/arm-none-eabi/7.3.1/thumb/v7e-m/fpv5/hard/crtn.o
                0x0000000024080000                _estack = (ORIGIN (RAM_D1) + LENGTH (RAM_D1))
                0x0000000000000200                _Min_Heap_Size = 0x200
                0x0000000000000400                _Min_Stack_Size = 0x400

.isr_vector     0x0000000008000000      0x298
                0x0000000008000000                . = ALIGN (0x4)
 *(.isr_vector)
 .isr_vector    0x0000000008000000      0x298 Core/Startup/startup_stm32h743zitx.o
                0x0000000008000000                g_pfnVectors
                0x0000000008000298                . = ALIGN (0x4)

.text           0x00000000080002a0     0x71b8
                0x00000000080002a0                . = ALIGN (0x4)
 *(.text)
 .text          0x00000000080002a0       0x40 /opt/st/stm32cubeide_1.4.0/plugins/com.st.stm32cube.ide.mcu.externaltools.gnu-tools-for-stm32.7-2018-q2-update.linux64_1.4.0.202007081208/tools/bin/../lib/gcc/arm-none-eabi/7.3.1/thumb/v7e-m/fpv5/hard/crtbegin.o
 .text          0x00000000080002e0       0xa0 /opt/st/stm32cubeide_1.4.0/plugins/com.st.stm32cube.ide.mcu.externaltools.gnu-tools-for-stm32.7-2018-q2-update.linux64_1.4.0.202007081208/tools/bin/../lib/gcc/arm-none-eabi/7.3.1/../../../../arm-none-eabi/lib/thumb/v7e-m/fpv5/hard/libc_nano.a(lib_a-memchr.o)
                0x00000000080002e0                memchr
 .text          0x0000000008000380       0x30 /opt/st/stm32cubeide_1.4.0/plugins/com.st.stm32cube.ide.mcu.externaltools.gnu-tools-for-stm32.7-2018-q2-update.linux64_1.4.0.202007081208/tools/bin/../lib/gcc/arm-none-eabi/7.3.1/thumb/v7e-m/fpv5/hard/libgcc.a(_aeabi_uldivmod.o)
                0x0000000008000380                __aeabi_uldivmod
 .text          0x00000000080003b0      0x2cc /opt/st/stm32cubeide_1.4.0/plugins/com.st.stm32cube.ide.mcu.externaltools.gnu-tools-for-stm32.7-2018-q2-update.linux64_1.4.0.202007081208/tools/bin/../lib/gcc/arm-none-eabi/7.3.1/thumb/v7e-m/fpv5/hard/libgcc.a(_udivmoddi4.o)
                0x00000000080003b0                __udivmoddi4
 .text          0x000000000800067c        0x4 /opt/st/stm32cubeide_1.4.0/plugins/com.st.stm32cube.ide.mcu.externaltools.gnu-tools-for-stm32.7-2018-q2-update.linux64_1.4.0.202007081208/tools/bin/../lib/gcc/arm-none-eabi/7.3.1/thumb/v7e-m/fpv5/hard/libgcc.a(_dvmd_tls.o)
                0x000000000800067c                __aeabi_ldiv0
                0x000000000800067c                __aeabi_idiv0
 *(.text*)
 .text.main     0x0000000008000680       0x8c Core/Src/main.o
                0x0000000008000680                main
 .text.SystemClock_Config
                0x000000000800070c      0x174 Core/Src/main.o
                0x000000000800070c                SystemClock_Config
 .text.MX_FDCAN1_Init
                0x0000000008000880       0xc8 Core/Src/main.o
 .text.MX_USART3_UART_Init
                0x0000000008000948       0x98 Core/Src/main.o
 .text.MX_GPIO_Init
                0x00000000080009e0      0x264 Core/Src/main.o
 .text.FDCAN_Config
                0x0000000008000c44       0x74 Core/Src/main.o
 .text.Error_Handler
                0x0000000008000cb8        0xe Core/Src/main.o
                0x0000000008000cb8                Error_Handler
 *fill*         0x0000000008000cc6        0x2 
 .text.RetargetInit
                0x0000000008000cc8       0x30 Core/Src/retarget.o
                0x0000000008000cc8                RetargetInit
 .text._isatty  0x0000000008000cf8       0x2c Core/Src/retarget.o
                0x0000000008000cf8                _isatty
 .text._write   0x0000000008000d24       0x58 Core/Src/retarget.o
                0x0000000008000d24                _write
 .text._close   0x0000000008000d7c       0x2e Core/Src/retarget.o
                0x0000000008000d7c                _close
 .text._lseek   0x0000000008000daa       0x22 Core/Src/retarget.o
                0x0000000008000daa                _lseek
 .text._read    0x0000000008000dcc       0x50 Core/Src/retarget.o
                0x0000000008000dcc                _read
 .text._fstat   0x0000000008000e1c       0x36 Core/Src/retarget.o
                0x0000000008000e1c                _fstat
 *fill*         0x0000000008000e52        0x2 
 .text.HAL_MspInit
                0x0000000008000e54       0x34 Core/Src/stm32h7xx_hal_msp.o
                0x0000000008000e54                HAL_MspInit
 .text.HAL_FDCAN_MspInit
                0x0000000008000e88       0xa4 Core/Src/stm32h7xx_hal_msp.o
                0x0000000008000e88                HAL_FDCAN_MspInit
 .text.HAL_UART_MspInit
                0x0000000008000f2c       0x94 Core/Src/stm32h7xx_hal_msp.o
                0x0000000008000f2c                HAL_UART_MspInit
 .text.NMI_Handler
                0x0000000008000fc0        0xe Core/Src/stm32h7xx_it.o
                0x0000000008000fc0                NMI_Handler
 .text.HardFault_Handler
                0x0000000008000fce        0x6 Core/Src/stm32h7xx_it.o
                0x0000000008000fce                HardFault_Handler
 .text.MemManage_Handler
                0x0000000008000fd4        0x6 Core/Src/stm32h7xx_it.o
                0x0000000008000fd4                MemManage_Handler
 .text.BusFault_Handler
                0x0000000008000fda        0x6 Core/Src/stm32h7xx_it.o
                0x0000000008000fda                BusFault_Handler
 .text.UsageFault_Handler
                0x0000000008000fe0        0x6 Core/Src/stm32h7xx_it.o
                0x0000000008000fe0                UsageFault_Handler
 .text.SVC_Handler
                0x0000000008000fe6        0xe Core/Src/stm32h7xx_it.o
                0x0000000008000fe6                SVC_Handler
 .text.DebugMon_Handler
                0x0000000008000ff4        0xe Core/Src/stm32h7xx_it.o
                0x0000000008000ff4                DebugMon_Handler
 .text.PendSV_Handler
                0x0000000008001002        0xe Core/Src/stm32h7xx_it.o
                0x0000000008001002                PendSV_Handler
 .text.SysTick_Handler
                0x0000000008001010        0xc Core/Src/stm32h7xx_it.o
                0x0000000008001010                SysTick_Handler
 .text.FDCAN1_IT0_IRQHandler
                0x000000000800101c       0x14 Core/Src/stm32h7xx_it.o
                0x000000000800101c                FDCAN1_IT0_IRQHandler
 .text._sbrk    0x0000000008001030       0x6c Core/Src/sysmem.o
                0x0000000008001030                _sbrk
 .text.SystemInit
                0x000000000800109c      0x118 Core/Src/system_stm32h7xx.o
                0x000000000800109c                SystemInit
 .text.Reset_Handler
                0x00000000080011b4       0x50 Core/Startup/startup_stm32h743zitx.o
                0x00000000080011b4                Reset_Handler
 .text.Default_Handler
                0x0000000008001204        0x2 Core/Startup/startup_stm32h743zitx.o
                0x0000000008001204                RTC_Alarm_IRQHandler
                0x0000000008001204                EXTI2_IRQHandler
                0x0000000008001204                TIM8_CC_IRQHandler
                0x0000000008001204                HRTIM1_Master_IRQHandler
                0x0000000008001204                UART8_IRQHandler
                0x0000000008001204                SPI4_IRQHandler
                0x0000000008001204                TIM1_CC_IRQHandler
                0x0000000008001204                BDMA_Channel6_IRQHandler
                0x0000000008001204                DMA2_Stream5_IRQHandler
                0x0000000008001204                HRTIM1_FLT_IRQHandler
                0x0000000008001204                JPEG_IRQHandler
                0x0000000008001204                DMA1_Stream5_IRQHandler
                0x0000000008001204                BDMA_Channel1_IRQHandler
                0x0000000008001204                HRTIM1_TIMD_IRQHandler
                0x0000000008001204                TAMP_STAMP_IRQHandler
                0x0000000008001204                EXTI3_IRQHandler
                0x0000000008001204                LPTIM4_IRQHandler
                0x0000000008001204                TIM8_TRG_COM_TIM14_IRQHandler
                0x0000000008001204                LPTIM2_IRQHandler
                0x0000000008001204                DFSDM1_FLT1_IRQHandler
                0x0000000008001204                DMAMUX2_OVR_IRQHandler
                0x0000000008001204                TIM8_UP_TIM13_IRQHandler
                0x0000000008001204                I2C3_ER_IRQHandler
                0x0000000008001204                DFSDM1_FLT2_IRQHandler
                0x0000000008001204                MDMA_IRQHandler
                0x0000000008001204                LPTIM3_IRQHandler
                0x0000000008001204                HSEM1_IRQHandler
                0x0000000008001204                EXTI0_IRQHandler
                0x0000000008001204                I2C2_EV_IRQHandler
                0x0000000008001204                DMA1_Stream2_IRQHandler
                0x0000000008001204                FPU_IRQHandler
                0x0000000008001204                OTG_HS_WKUP_IRQHandler
                0x0000000008001204                FDCAN1_IT1_IRQHandler
                0x0000000008001204                LTDC_ER_IRQHandler
                0x0000000008001204                DMA2_Stream2_IRQHandler
                0x0000000008001204                HRTIM1_TIME_IRQHandler
                0x0000000008001204                SPI1_IRQHandler
                0x0000000008001204                TIM6_DAC_IRQHandler
                0x0000000008001204                DCMI_IRQHandler
                0x0000000008001204                HRTIM1_TIMC_IRQHandler
                0x0000000008001204                DMA2_Stream3_IRQHandler
                0x0000000008001204                SAI2_IRQHandler
                0x0000000008001204                DFSDM1_FLT3_IRQHandler
                0x0000000008001204                USART6_IRQHandler
                0x0000000008001204                TIM17_IRQHandler
                0x0000000008001204                USART3_IRQHandler
                0x0000000008001204                BDMA_Channel7_IRQHandler
                0x0000000008001204                LPTIM5_IRQHandler
                0x0000000008001204                UART5_IRQHandler
                0x0000000008001204                ADC3_IRQHandler
                0x0000000008001204                DMA2_Stream0_IRQHandler
                0x0000000008001204                TIM4_IRQHandler
                0x0000000008001204                BDMA_Channel2_IRQHandler
                0x0000000008001204                QUADSPI_IRQHandler
                0x0000000008001204                I2C1_EV_IRQHandler
                0x0000000008001204                DMA1_Stream6_IRQHandler
                0x0000000008001204                DMAMUX1_OVR_IRQHandler
                0x0000000008001204                DMA1_Stream1_IRQHandler
                0x0000000008001204                TIM16_IRQHandler
                0x0000000008001204                UART4_IRQHandler
                0x0000000008001204                BDMA_Channel5_IRQHandler
                0x0000000008001204                TIM3_IRQHandler
                0x0000000008001204                RCC_IRQHandler
                0x0000000008001204                TIM8_BRK_TIM12_IRQHandler
                0x0000000008001204                TIM1_TRG_COM_IRQHandler
                0x0000000008001204                Default_Handler
                0x0000000008001204                ECC_IRQHandler
                0x0000000008001204                CEC_IRQHandler
                0x0000000008001204                EXTI15_10_IRQHandler
                0x0000000008001204                BDMA_Channel0_IRQHandler
                0x0000000008001204                ADC_IRQHandler
                0x0000000008001204                DMA1_Stream7_IRQHandler
                0x0000000008001204                HRTIM1_TIMA_IRQHandler
                0x0000000008001204                SPI5_IRQHandler
                0x0000000008001204                TIM7_IRQHandler
                0x0000000008001204                SDMMC1_IRQHandler
                0x0000000008001204                TIM5_IRQHandler
                0x0000000008001204                DMA2_Stream7_IRQHandler
                0x0000000008001204                TIM15_IRQHandler
                0x0000000008001204                PVD_AVD_IRQHandler
                0x0000000008001204                I2C3_EV_IRQHandler
                0x0000000008001204                EXTI9_5_IRQHandler
                0x0000000008001204                RTC_WKUP_IRQHandler
                0x0000000008001204                LTDC_IRQHandler
                0x0000000008001204                SAI3_IRQHandler
                0x0000000008001204                ETH_WKUP_IRQHandler
                0x0000000008001204                SPDIF_RX_IRQHandler
                0x0000000008001204                SPI2_IRQHandler
                0x0000000008001204                OTG_HS_EP1_IN_IRQHandler
                0x0000000008001204                DMA1_Stream0_IRQHandler
                0x0000000008001204                CRS_IRQHandler
                0x0000000008001204                EXTI4_IRQHandler
                0x0000000008001204                RNG_IRQHandler
                0x0000000008001204                HRTIM1_TIMB_IRQHandler
                0x0000000008001204                FDCAN2_IT1_IRQHandler
                0x0000000008001204                ETH_IRQHandler
                0x0000000008001204                TIM1_UP_IRQHandler
                0x0000000008001204                BDMA_Channel4_IRQHandler
                0x0000000008001204                OTG_HS_EP1_OUT_IRQHandler
                0x0000000008001204                WWDG_IRQHandler
                0x0000000008001204                SPI6_IRQHandler
                0x0000000008001204                MDIOS_IRQHandler
                0x0000000008001204                I2C4_EV_IRQHandler
                0x0000000008001204                FDCAN2_IT0_IRQHandler
                0x0000000008001204                LPUART1_IRQHandler
                0x0000000008001204                TIM2_IRQHandler
                0x0000000008001204                OTG_FS_WKUP_IRQHandler
                0x0000000008001204                OTG_HS_IRQHandler
                0x0000000008001204                DMA2D_IRQHandler
                0x0000000008001204                TIM1_BRK_IRQHandler
                0x0000000008001204                EXTI1_IRQHandler
                0x0000000008001204                SDMMC2_IRQHandler
                0x0000000008001204                OTG_FS_EP1_OUT_IRQHandler
                0x0000000008001204                BDMA_Channel3_IRQHandler
                0x0000000008001204                UART7_IRQHandler
                0x0000000008001204                MDIOS_WKUP_IRQHandler
                0x0000000008001204                USART2_IRQHandler
                0x0000000008001204                DFSDM1_FLT0_IRQHandler
                0x0000000008001204                SAI4_IRQHandler
                0x0000000008001204                I2C2_ER_IRQHandler
                0x0000000008001204                DMA2_Stream1_IRQHandler
                0x0000000008001204                FLASH_IRQHandler
                0x0000000008001204                DMA2_Stream4_IRQHandler
                0x0000000008001204                USART1_IRQHandler
                0x0000000008001204                OTG_FS_IRQHandler
                0x0000000008001204                SPI3_IRQHandler
                0x0000000008001204                WAKEUP_PIN_IRQHandler
                0x0000000008001204                DMA1_Stream4_IRQHandler
                0x0000000008001204                OTG_FS_EP1_IN_IRQHandler
                0x0000000008001204                I2C1_ER_IRQHandler
                0x0000000008001204                FMC_IRQHandler
                0x0000000008001204                FDCAN_CAL_IRQHandler
                0x0000000008001204                SWPMI1_IRQHandler
                0x0000000008001204                COMP1_IRQHandler
                0x0000000008001204                LPTIM1_IRQHandler
                0x0000000008001204                I2C4_ER_IRQHandler
                0x0000000008001204                DMA2_Stream6_IRQHandler
                0x0000000008001204                SAI1_IRQHandler
                0x0000000008001204                DMA1_Stream3_IRQHandler
 *fill*         0x0000000008001206        0x2 
 .text.HAL_Init
                0x0000000008001208       0x78 Drivers/STM32H7xx_HAL_Driver/Src/stm32h7xx_hal.o
                0x0000000008001208                HAL_Init
 .text.HAL_InitTick
                0x0000000008001280       0x6c Drivers/STM32H7xx_HAL_Driver/Src/stm32h7xx_hal.o
                0x0000000008001280                HAL_InitTick
 .text.HAL_IncTick
                0x00000000080012ec       0x28 Drivers/STM32H7xx_HAL_Driver/Src/stm32h7xx_hal.o
                0x00000000080012ec                HAL_IncTick
 .text.HAL_GetTick
                0x0000000008001314       0x18 Drivers/STM32H7xx_HAL_Driver/Src/stm32h7xx_hal.o
                0x0000000008001314                HAL_GetTick
 .text.HAL_GetREVID
                0x000000000800132c       0x18 Drivers/STM32H7xx_HAL_Driver/Src/stm32h7xx_hal.o
                0x000000000800132c                HAL_GetREVID
 .text.__NVIC_SetPriorityGrouping
                0x0000000008001344       0x48 Drivers/STM32H7xx_HAL_Driver/Src/stm32h7xx_hal_cortex.o
 .text.__NVIC_GetPriorityGrouping
                0x000000000800138c       0x1c Drivers/STM32H7xx_HAL_Driver/Src/stm32h7xx_hal_cortex.o
 .text.__NVIC_EnableIRQ
                0x00000000080013a8       0x3c Drivers/STM32H7xx_HAL_Driver/Src/stm32h7xx_hal_cortex.o
 .text.__NVIC_SetPriority
                0x00000000080013e4       0x54 Drivers/STM32H7xx_HAL_Driver/Src/stm32h7xx_hal_cortex.o
 .text.NVIC_EncodePriority
                0x0000000008001438       0x66 Drivers/STM32H7xx_HAL_Driver/Src/stm32h7xx_hal_cortex.o
 *fill*         0x000000000800149e        0x2 
 .text.SysTick_Config
                0x00000000080014a0       0x44 Drivers/STM32H7xx_HAL_Driver/Src/stm32h7xx_hal_cortex.o
 .text.HAL_NVIC_SetPriorityGrouping
                0x00000000080014e4       0x16 Drivers/STM32H7xx_HAL_Driver/Src/stm32h7xx_hal_cortex.o
                0x00000000080014e4                HAL_NVIC_SetPriorityGrouping
 .text.HAL_NVIC_SetPriority
                0x00000000080014fa       0x34 Drivers/STM32H7xx_HAL_Driver/Src/stm32h7xx_hal_cortex.o
                0x00000000080014fa                HAL_NVIC_SetPriority
 .text.HAL_NVIC_EnableIRQ
                0x000000000800152e       0x1c Drivers/STM32H7xx_HAL_Driver/Src/stm32h7xx_hal_cortex.o
                0x000000000800152e                HAL_NVIC_EnableIRQ
 .text.HAL_SYSTICK_Config
                0x000000000800154a       0x18 Drivers/STM32H7xx_HAL_Driver/Src/stm32h7xx_hal_cortex.o
                0x000000000800154a                HAL_SYSTICK_Config
 *fill*         0x0000000008001562        0x2 
 .text.HAL_FDCAN_Init
                0x0000000008001564      0x3c4 Drivers/STM32H7xx_HAL_Driver/Src/stm32h7xx_hal_fdcan.o
                0x0000000008001564                HAL_FDCAN_Init
 .text.HAL_FDCAN_ConfigFilter
                0x0000000008001928       0xec Drivers/STM32H7xx_HAL_Driver/Src/stm32h7xx_hal_fdcan.o
                0x0000000008001928                HAL_FDCAN_ConfigFilter
 .text.HAL_FDCAN_ConfigGlobalFilter
                0x0000000008001a14       0x5a Drivers/STM32H7xx_HAL_Driver/Src/stm32h7xx_hal_fdcan.o
                0x0000000008001a14                HAL_FDCAN_ConfigGlobalFilter
 .text.HAL_FDCAN_Start
                0x0000000008001a6e       0x56 Drivers/STM32H7xx_HAL_Driver/Src/stm32h7xx_hal_fdcan.o
                0x0000000008001a6e                HAL_FDCAN_Start
 .text.HAL_FDCAN_GetRxMessage
                0x0000000008001ac4      0x2bc Drivers/STM32H7xx_HAL_Driver/Src/stm32h7xx_hal_fdcan.o
                0x0000000008001ac4                HAL_FDCAN_GetRxMessage
 .text.HAL_FDCAN_GetRxFifoFillLevel
                0x0000000008001d80       0x3c Drivers/STM32H7xx_HAL_Driver/Src/stm32h7xx_hal_fdcan.o
                0x0000000008001d80                HAL_FDCAN_GetRxFifoFillLevel
 .text.HAL_FDCAN_IRQHandler
                0x0000000008001dbc      0x4bc Drivers/STM32H7xx_HAL_Driver/Src/stm32h7xx_hal_fdcan.o
                0x0000000008001dbc                HAL_FDCAN_IRQHandler
 .text.HAL_FDCAN_ClockCalibrationCallback
                0x0000000008002278       0x16 Drivers/STM32H7xx_HAL_Driver/Src/stm32h7xx_hal_fdcan.o
                0x0000000008002278                HAL_FDCAN_ClockCalibrationCallback
 .text.HAL_FDCAN_TxEventFifoCallback
                0x000000000800228e       0x16 Drivers/STM32H7xx_HAL_Driver/Src/stm32h7xx_hal_fdcan.o
                0x000000000800228e                HAL_FDCAN_TxEventFifoCallback
 .text.HAL_FDCAN_RxFifo0Callback
                0x00000000080022a4       0x16 Drivers/STM32H7xx_HAL_Driver/Src/stm32h7xx_hal_fdcan.o
                0x00000000080022a4                HAL_FDCAN_RxFifo0Callback
 .text.HAL_FDCAN_RxFifo1Callback
                0x00000000080022ba       0x16 Drivers/STM32H7xx_HAL_Driver/Src/stm32h7xx_hal_fdcan.o
                0x00000000080022ba                HAL_FDCAN_RxFifo1Callback
 .text.HAL_FDCAN_TxFifoEmptyCallback
                0x00000000080022d0       0x14 Drivers/STM32H7xx_HAL_Driver/Src/stm32h7xx_hal_fdcan.o
                0x00000000080022d0                HAL_FDCAN_TxFifoEmptyCallback
 .text.HAL_FDCAN_TxBufferCompleteCallback
                0x00000000080022e4       0x16 Drivers/STM32H7xx_HAL_Driver/Src/stm32h7xx_hal_fdcan.o
                0x00000000080022e4                HAL_FDCAN_TxBufferCompleteCallback
 .text.HAL_FDCAN_TxBufferAbortCallback
                0x00000000080022fa       0x16 Drivers/STM32H7xx_HAL_Driver/Src/stm32h7xx_hal_fdcan.o
                0x00000000080022fa                HAL_FDCAN_TxBufferAbortCallback
 .text.HAL_FDCAN_RxBufferNewMessageCallback
                0x0000000008002310       0x14 Drivers/STM32H7xx_HAL_Driver/Src/stm32h7xx_hal_fdcan.o
                0x0000000008002310                HAL_FDCAN_RxBufferNewMessageCallback
 .text.HAL_FDCAN_TimestampWraparoundCallback
                0x0000000008002324       0x14 Drivers/STM32H7xx_HAL_Driver/Src/stm32h7xx_hal_fdcan.o
                0x0000000008002324                HAL_FDCAN_TimestampWraparoundCallback
 .text.HAL_FDCAN_TimeoutOccurredCallback
                0x0000000008002338       0x14 Drivers/STM32H7xx_HAL_Driver/Src/stm32h7xx_hal_fdcan.o
                0x0000000008002338                HAL_FDCAN_TimeoutOccurredCallback
 .text.HAL_FDCAN_HighPriorityMessageCallback
                0x000000000800234c       0x14 Drivers/STM32H7xx_HAL_Driver/Src/stm32h7xx_hal_fdcan.o
                0x000000000800234c                HAL_FDCAN_HighPriorityMessageCallback
 .text.HAL_FDCAN_ErrorCallback
                0x0000000008002360       0x14 Drivers/STM32H7xx_HAL_Driver/Src/stm32h7xx_hal_fdcan.o
                0x0000000008002360                HAL_FDCAN_ErrorCallback
 .text.HAL_FDCAN_ErrorStatusCallback
                0x0000000008002374       0x16 Drivers/STM32H7xx_HAL_Driver/Src/stm32h7xx_hal_fdcan.o
                0x0000000008002374                HAL_FDCAN_ErrorStatusCallback
 .text.HAL_FDCAN_TT_ScheduleSyncCallback
                0x000000000800238a       0x16 Drivers/STM32H7xx_HAL_Driver/Src/stm32h7xx_hal_fdcan.o
                0x000000000800238a                HAL_FDCAN_TT_ScheduleSyncCallback
 .text.HAL_FDCAN_TT_TimeMarkCallback
                0x00000000080023a0       0x16 Drivers/STM32H7xx_HAL_Driver/Src/stm32h7xx_hal_fdcan.o
                0x00000000080023a0                HAL_FDCAN_TT_TimeMarkCallback
 .text.HAL_FDCAN_TT_StopWatchCallback
                0x00000000080023b6       0x18 Drivers/STM32H7xx_HAL_Driver/Src/stm32h7xx_hal_fdcan.o
                0x00000000080023b6                HAL_FDCAN_TT_StopWatchCallback
 .text.HAL_FDCAN_TT_GlobalTimeCallback
                0x00000000080023ce       0x16 Drivers/STM32H7xx_HAL_Driver/Src/stm32h7xx_hal_fdcan.o
                0x00000000080023ce                HAL_FDCAN_TT_GlobalTimeCallback
 .text.FDCAN_CalcultateRamBlockAddresses
                0x00000000080023e4      0x30c Drivers/STM32H7xx_HAL_Driver/Src/stm32h7xx_hal_fdcan.o
 .text.HAL_GPIO_Init
                0x00000000080026f0      0x360 Drivers/STM32H7xx_HAL_Driver/Src/stm32h7xx_hal_gpio.o
                0x00000000080026f0                HAL_GPIO_Init
 .text.HAL_GPIO_WritePin
                0x0000000008002a50       0x32 Drivers/STM32H7xx_HAL_Driver/Src/stm32h7xx_hal_gpio.o
                0x0000000008002a50                HAL_GPIO_WritePin
 *fill*         0x0000000008002a82        0x2 
 .text.HAL_PWREx_ConfigSupply
                0x0000000008002a84       0x74 Drivers/STM32H7xx_HAL_Driver/Src/stm32h7xx_hal_pwr_ex.o
                0x0000000008002a84                HAL_PWREx_ConfigSupply
 .text.HAL_RCC_OscConfig
                0x0000000008002af8      0x820 Drivers/STM32H7xx_HAL_Driver/Src/stm32h7xx_hal_rcc.o
                0x0000000008002af8                HAL_RCC_OscConfig
 .text.HAL_RCC_ClockConfig
                0x0000000008003318      0x36c Drivers/STM32H7xx_HAL_Driver/Src/stm32h7xx_hal_rcc.o
                0x0000000008003318                HAL_RCC_ClockConfig
 .text.HAL_RCC_GetSysClockFreq
                0x0000000008003684      0x2e4 Drivers/STM32H7xx_HAL_Driver/Src/stm32h7xx_hal_rcc.o
                0x0000000008003684                HAL_RCC_GetSysClockFreq
 .text.HAL_RCC_GetHCLKFreq
                0x0000000008003968       0x60 Drivers/STM32H7xx_HAL_Driver/Src/stm32h7xx_hal_rcc.o
                0x0000000008003968                HAL_RCC_GetHCLKFreq
 .text.HAL_RCC_GetPCLK1Freq
                0x00000000080039c8       0x2c Drivers/STM32H7xx_HAL_Driver/Src/stm32h7xx_hal_rcc.o
                0x00000000080039c8                HAL_RCC_GetPCLK1Freq
 .text.HAL_RCC_GetPCLK2Freq
                0x00000000080039f4       0x2c Drivers/STM32H7xx_HAL_Driver/Src/stm32h7xx_hal_rcc.o
                0x00000000080039f4                HAL_RCC_GetPCLK2Freq
 .text.HAL_RCCEx_PeriphCLKConfig
                0x0000000008003a20      0xddc Drivers/STM32H7xx_HAL_Driver/Src/stm32h7xx_hal_rcc_ex.o
                0x0000000008003a20                HAL_RCCEx_PeriphCLKConfig
 .text.HAL_RCCEx_GetD3PCLK1Freq
                0x00000000080047fc       0x2c Drivers/STM32H7xx_HAL_Driver/Src/stm32h7xx_hal_rcc_ex.o
                0x00000000080047fc                HAL_RCCEx_GetD3PCLK1Freq
 .text.HAL_RCCEx_GetPLL2ClockFreq
                0x0000000008004828      0x298 Drivers/STM32H7xx_HAL_Driver/Src/stm32h7xx_hal_rcc_ex.o
                0x0000000008004828                HAL_RCCEx_GetPLL2ClockFreq
 .text.HAL_RCCEx_GetPLL3ClockFreq
                0x0000000008004ac0      0x298 Drivers/STM32H7xx_HAL_Driver/Src/stm32h7xx_hal_rcc_ex.o
                0x0000000008004ac0                HAL_RCCEx_GetPLL3ClockFreq
 .text.RCCEx_PLL2_Config
                0x0000000008004d58      0x164 Drivers/STM32H7xx_HAL_Driver/Src/stm32h7xx_hal_rcc_ex.o
 .text.RCCEx_PLL3_Config
                0x0000000008004ebc      0x164 Drivers/STM32H7xx_HAL_Driver/Src/stm32h7xx_hal_rcc_ex.o
 .text.HAL_UART_Init
                0x0000000008005020       0xa0 Drivers/STM32H7xx_HAL_Driver/Src/stm32h7xx_hal_uart.o
                0x0000000008005020                HAL_UART_Init
 .text.HAL_UART_Transmit
                0x00000000080050c0      0x12c Drivers/STM32H7xx_HAL_Driver/Src/stm32h7xx_hal_uart.o
                0x00000000080050c0                HAL_UART_Transmit
 .text.HAL_UART_Receive
                0x00000000080051ec      0x1a0 Drivers/STM32H7xx_HAL_Driver/Src/stm32h7xx_hal_uart.o
                0x00000000080051ec                HAL_UART_Receive
 .text.UART_SetConfig
                0x000000000800538c      0xb60 Drivers/STM32H7xx_HAL_Driver/Src/stm32h7xx_hal_uart.o
                0x000000000800538c                UART_SetConfig
 .text.UART_AdvFeatureConfig
                0x0000000008005eec      0x144 Drivers/STM32H7xx_HAL_Driver/Src/stm32h7xx_hal_uart.o
                0x0000000008005eec                UART_AdvFeatureConfig
 .text.UART_CheckIdleState
                0x0000000008006030       0x90 Drivers/STM32H7xx_HAL_Driver/Src/stm32h7xx_hal_uart.o
                0x0000000008006030                UART_CheckIdleState
 .text.UART_WaitOnFlagUntilTimeout
                0x00000000080060c0      0x100 Drivers/STM32H7xx_HAL_Driver/Src/stm32h7xx_hal_uart.o
                0x00000000080060c0                UART_WaitOnFlagUntilTimeout
 .text.HAL_UARTEx_DisableFifoMode
                0x00000000080061c0       0x72 Drivers/STM32H7xx_HAL_Driver/Src/stm32h7xx_hal_uart_ex.o
                0x00000000080061c0                HAL_UARTEx_DisableFifoMode
 .text.HAL_UARTEx_SetTxFifoThreshold
                0x0000000008006232       0x7c Drivers/STM32H7xx_HAL_Driver/Src/stm32h7xx_hal_uart_ex.o
                0x0000000008006232                HAL_UARTEx_SetTxFifoThreshold
 .text.HAL_UARTEx_SetRxFifoThreshold
                0x00000000080062ae       0x7c Drivers/STM32H7xx_HAL_Driver/Src/stm32h7xx_hal_uart_ex.o
                0x00000000080062ae                HAL_UARTEx_SetRxFifoThreshold
 *fill*         0x000000000800632a        0x2 
 .text.UARTEx_SetNbDataToProcess
                0x000000000800632c       0xd0 Drivers/STM32H7xx_HAL_Driver/Src/stm32h7xx_hal_uart_ex.o
 .text.__errno  0x00000000080063fc        0xc /opt/st/stm32cubeide_1.4.0/plugins/com.st.stm32cube.ide.mcu.externaltools.gnu-tools-for-stm32.7-2018-q2-update.linux64_1.4.0.202007081208/tools/bin/../lib/gcc/arm-none-eabi/7.3.1/../../../../arm-none-eabi/lib/thumb/v7e-m/fpv5/hard/libc_nano.a(lib_a-errno.o)
                0x00000000080063fc                __errno
 .text.__libc_init_array
                0x0000000008006408       0x48 /opt/st/stm32cubeide_1.4.0/plugins/com.st.stm32cube.ide.mcu.externaltools.gnu-tools-for-stm32.7-2018-q2-update.linux64_1.4.0.202007081208/tools/bin/../lib/gcc/arm-none-eabi/7.3.1/../../../../arm-none-eabi/lib/thumb/v7e-m/fpv5/hard/libc_nano.a(lib_a-init.o)
                0x0000000008006408                __libc_init_array
 .text.memcpy   0x0000000008006450       0x16 /opt/st/stm32cubeide_1.4.0/plugins/com.st.stm32cube.ide.mcu.externaltools.gnu-tools-for-stm32.7-2018-q2-update.linux64_1.4.0.202007081208/tools/bin/../lib/gcc/arm-none-eabi/7.3.1/../../../../arm-none-eabi/lib/thumb/v7e-m/fpv5/hard/libc_nano.a(lib_a-memcpy-stub.o)
                0x0000000008006450                memcpy
 .text.memset   0x0000000008006466       0x10 /opt/st/stm32cubeide_1.4.0/plugins/com.st.stm32cube.ide.mcu.externaltools.gnu-tools-for-stm32.7-2018-q2-update.linux64_1.4.0.202007081208/tools/bin/../lib/gcc/arm-none-eabi/7.3.1/../../../../arm-none-eabi/lib/thumb/v7e-m/fpv5/hard/libc_nano.a(lib_a-memset.o)
                0x0000000008006466                memset
 *fill*         0x0000000008006476        0x2 
 .text.printf   0x0000000008006478       0x30 /opt/st/stm32cubeide_1.4.0/plugins/com.st.stm32cube.ide.mcu.externaltools.gnu-tools-for-stm32.7-2018-q2-update.linux64_1.4.0.202007081208/tools/bin/../lib/gcc/arm-none-eabi/7.3.1/../../../../arm-none-eabi/lib/thumb/v7e-m/fpv5/hard/libc_nano.a(lib_a-printf.o)
                0x0000000008006478                printf
                0x0000000008006478                iprintf
 .text.putchar  0x00000000080064a8       0x28 /opt/st/stm32cubeide_1.4.0/plugins/com.st.stm32cube.ide.mcu.externaltools.gnu-tools-for-stm32.7-2018-q2-update.linux64_1.4.0.202007081208/tools/bin/../lib/gcc/arm-none-eabi/7.3.1/../../../../arm-none-eabi/lib/thumb/v7e-m/fpv5/hard/libc_nano.a(lib_a-putchar.o)
                0x00000000080064a8                putchar
 .text.setvbuf  0x00000000080064d0      0x15c /opt/st/stm32cubeide_1.4.0/plugins/com.st.stm32cube.ide.mcu.externaltools.gnu-tools-for-stm32.7-2018-q2-update.linux64_1.4.0.202007081208/tools/bin/../lib/gcc/arm-none-eabi/7.3.1/../../../../arm-none-eabi/lib/thumb/v7e-m/fpv5/hard/libc_nano.a(lib_a-setvbuf.o)
                0x00000000080064d0                setvbuf
 .text.__sflush_r
                0x000000000800662c      0x10c /opt/st/stm32cubeide_1.4.0/plugins/com.st.stm32cube.ide.mcu.externaltools.gnu-tools-for-stm32.7-2018-q2-update.linux64_1.4.0.202007081208/tools/bin/../lib/gcc/arm-none-eabi/7.3.1/../../../../arm-none-eabi/lib/thumb/v7e-m/fpv5/hard/libc_nano.a(lib_a-fflush.o)
                0x000000000800662c                __sflush_r
 .text._fflush_r
                0x0000000008006738       0x54 /opt/st/stm32cubeide_1.4.0/plugins/com.st.stm32cube.ide.mcu.externaltools.gnu-tools-for-stm32.7-2018-q2-update.linux64_1.4.0.202007081208/tools/bin/../lib/gcc/arm-none-eabi/7.3.1/../../../../arm-none-eabi/lib/thumb/v7e-m/fpv5/hard/libc_nano.a(lib_a-fflush.o)
                0x0000000008006738                _fflush_r
 .text.std      0x000000000800678c       0x48 /opt/st/stm32cubeide_1.4.0/plugins/com.st.stm32cube.ide.mcu.externaltools.gnu-tools-for-stm32.7-2018-q2-update.linux64_1.4.0.202007081208/tools/bin/../lib/gcc/arm-none-eabi/7.3.1/../../../../arm-none-eabi/lib/thumb/v7e-m/fpv5/hard/libc_nano.a(lib_a-findfp.o)
 .text._cleanup_r
                0x00000000080067d4        0xc /opt/st/stm32cubeide_1.4.0/plugins/com.st.stm32cube.ide.mcu.externaltools.gnu-tools-for-stm32.7-2018-q2-update.linux64_1.4.0.202007081208/tools/bin/../lib/gcc/arm-none-eabi/7.3.1/../../../../arm-none-eabi/lib/thumb/v7e-m/fpv5/hard/libc_nano.a(lib_a-findfp.o)
                0x00000000080067d4                _cleanup_r
 .text.__sfmoreglue
                0x00000000080067e0       0x2c /opt/st/stm32cubeide_1.4.0/plugins/com.st.stm32cube.ide.mcu.externaltools.gnu-tools-for-stm32.7-2018-q2-update.linux64_1.4.0.202007081208/tools/bin/../lib/gcc/arm-none-eabi/7.3.1/../../../../arm-none-eabi/lib/thumb/v7e-m/fpv5/hard/libc_nano.a(lib_a-findfp.o)
                0x00000000080067e0                __sfmoreglue
 .text.__sinit  0x000000000800680c       0x60 /opt/st/stm32cubeide_1.4.0/plugins/com.st.stm32cube.ide.mcu.externaltools.gnu-tools-for-stm32.7-2018-q2-update.linux64_1.4.0.202007081208/tools/bin/../lib/gcc/arm-none-eabi/7.3.1/../../../../arm-none-eabi/lib/thumb/v7e-m/fpv5/hard/libc_nano.a(lib_a-findfp.o)
                0x000000000800680c                __sinit
 .text.__sfp    0x000000000800686c       0x78 /opt/st/stm32cubeide_1.4.0/plugins/com.st.stm32cube.ide.mcu.externaltools.gnu-tools-for-stm32.7-2018-q2-update.linux64_1.4.0.202007081208/tools/bin/../lib/gcc/arm-none-eabi/7.3.1/../../../../arm-none-eabi/lib/thumb/v7e-m/fpv5/hard/libc_nano.a(lib_a-findfp.o)
                0x000000000800686c                __sfp
 .text._fwalk_reent
                0x00000000080068e4       0x3c /opt/st/stm32cubeide_1.4.0/plugins/com.st.stm32cube.ide.mcu.externaltools.gnu-tools-for-stm32.7-2018-q2-update.linux64_1.4.0.202007081208/tools/bin/../lib/gcc/arm-none-eabi/7.3.1/../../../../arm-none-eabi/lib/thumb/v7e-m/fpv5/hard/libc_nano.a(lib_a-fwalk.o)
                0x00000000080068e4                _fwalk_reent
 .text.__swhatbuf_r
                0x0000000008006920       0x48 /opt/st/stm32cubeide_1.4.0/plugins/com.st.stm32cube.ide.mcu.externaltools.gnu-tools-for-stm32.7-2018-q2-update.linux64_1.4.0.202007081208/tools/bin/../lib/gcc/arm-none-eabi/7.3.1/../../../../arm-none-eabi/lib/thumb/v7e-m/fpv5/hard/libc_nano.a(lib_a-makebuf.o)
                0x0000000008006920                __swhatbuf_r
 .text.__smakebuf_r
                0x0000000008006968       0x80 /opt/st/stm32cubeide_1.4.0/plugins/com.st.stm32cube.ide.mcu.externaltools.gnu-tools-for-stm32.7-2018-q2-update.linux64_1.4.0.202007081208/tools/bin/../lib/gcc/arm-none-eabi/7.3.1/../../../../arm-none-eabi/lib/thumb/v7e-m/fpv5/hard/libc_nano.a(lib_a-makebuf.o)
                0x0000000008006968                __smakebuf_r
 .text.malloc   0x00000000080069e8       0x10 /opt/st/stm32cubeide_1.4.0/plugins/com.st.stm32cube.ide.mcu.externaltools.gnu-tools-for-stm32.7-2018-q2-update.linux64_1.4.0.202007081208/tools/bin/../lib/gcc/arm-none-eabi/7.3.1/../../../../arm-none-eabi/lib/thumb/v7e-m/fpv5/hard/libc_nano.a(lib_a-malloc.o)
                0x00000000080069e8                malloc
 .text._free_r  0x00000000080069f8       0x9c /opt/st/stm32cubeide_1.4.0/plugins/com.st.stm32cube.ide.mcu.externaltools.gnu-tools-for-stm32.7-2018-q2-update.linux64_1.4.0.202007081208/tools/bin/../lib/gcc/arm-none-eabi/7.3.1/../../../../arm-none-eabi/lib/thumb/v7e-m/fpv5/hard/libc_nano.a(lib_a-nano-freer.o)
                0x00000000080069f8                _free_r
 .text._malloc_r
                0x0000000008006a94       0xb4 /opt/st/stm32cubeide_1.4.0/plugins/com.st.stm32cube.ide.mcu.externaltools.gnu-tools-for-stm32.7-2018-q2-update.linux64_1.4.0.202007081208/tools/bin/../lib/gcc/arm-none-eabi/7.3.1/../../../../arm-none-eabi/lib/thumb/v7e-m/fpv5/hard/libc_nano.a(lib_a-nano-mallocr.o)
                0x0000000008006a94                _malloc_r
 .text.__sfputc_r
                0x0000000008006b48       0x2e /opt/st/stm32cubeide_1.4.0/plugins/com.st.stm32cube.ide.mcu.externaltools.gnu-tools-for-stm32.7-2018-q2-update.linux64_1.4.0.202007081208/tools/bin/../lib/gcc/arm-none-eabi/7.3.1/../../../../arm-none-eabi/lib/thumb/v7e-m/fpv5/hard/libc_nano.a(lib_a-nano-vfprintf.o)
 .text.__sfputs_r
                0x0000000008006b76       0x24 /opt/st/stm32cubeide_1.4.0/plugins/com.st.stm32cube.ide.mcu.externaltools.gnu-tools-for-stm32.7-2018-q2-update.linux64_1.4.0.202007081208/tools/bin/../lib/gcc/arm-none-eabi/7.3.1/../../../../arm-none-eabi/lib/thumb/v7e-m/fpv5/hard/libc_nano.a(lib_a-nano-vfprintf.o)
                0x0000000008006b76                __sfputs_r
 *fill*         0x0000000008006b9a        0x2 
 .text._vfprintf_r
                0x0000000008006b9c      0x22c /opt/st/stm32cubeide_1.4.0/plugins/com.st.stm32cube.ide.mcu.externaltools.gnu-tools-for-stm32.7-2018-q2-update.linux64_1.4.0.202007081208/tools/bin/../lib/gcc/arm-none-eabi/7.3.1/../../../../arm-none-eabi/lib/thumb/v7e-m/fpv5/hard/libc_nano.a(lib_a-nano-vfprintf.o)
                0x0000000008006b9c                _vfiprintf_r
                0x0000000008006b9c                _vfprintf_r
 .text._printf_common
                0x0000000008006dc8       0xea /opt/st/stm32cubeide_1.4.0/plugins/com.st.stm32cube.ide.mcu.externaltools.gnu-tools-for-stm32.7-2018-q2-update.linux64_1.4.0.202007081208/tools/bin/../lib/gcc/arm-none-eabi/7.3.1/../../../../arm-none-eabi/lib/thumb/v7e-m/fpv5/hard/libc_nano.a(lib_a-nano-vfprintf_i.o)
                0x0000000008006dc8                _printf_common
 *fill*         0x0000000008006eb2        0x2 
 .text._printf_i
                0x0000000008006eb4      0x224 /opt/st/stm32cubeide_1.4.0/plugins/com.st.stm32cube.ide.mcu.externaltools.gnu-tools-for-stm32.7-2018-q2-update.linux64_1.4.0.202007081208/tools/bin/../lib/gcc/arm-none-eabi/7.3.1/../../../../arm-none-eabi/lib/thumb/v7e-m/fpv5/hard/libc_nano.a(lib_a-nano-vfprintf_i.o)
                0x0000000008006eb4                _printf_i
 .text._putc_r  0x00000000080070d8       0x6c /opt/st/stm32cubeide_1.4.0/plugins/com.st.stm32cube.ide.mcu.externaltools.gnu-tools-for-stm32.7-2018-q2-update.linux64_1.4.0.202007081208/tools/bin/../lib/gcc/arm-none-eabi/7.3.1/../../../../arm-none-eabi/lib/thumb/v7e-m/fpv5/hard/libc_nano.a(lib_a-putc.o)
                0x00000000080070d8                _putc_r
 .text._sbrk_r  0x0000000008007144       0x20 /opt/st/stm32cubeide_1.4.0/plugins/com.st.stm32cube.ide.mcu.externaltools.gnu-tools-for-stm32.7-2018-q2-update.linux64_1.4.0.202007081208/tools/bin/../lib/gcc/arm-none-eabi/7.3.1/../../../../arm-none-eabi/lib/thumb/v7e-m/fpv5/hard/libc_nano.a(lib_a-sbrkr.o)
                0x0000000008007144                _sbrk_r
 .text.__sread  0x0000000008007164       0x22 /opt/st/stm32cubeide_1.4.0/plugins/com.st.stm32cube.ide.mcu.externaltools.gnu-tools-for-stm32.7-2018-q2-update.linux64_1.4.0.202007081208/tools/bin/../lib/gcc/arm-none-eabi/7.3.1/../../../../arm-none-eabi/lib/thumb/v7e-m/fpv5/hard/libc_nano.a(lib_a-stdio.o)
                0x0000000008007164                __sread
 .text.__swrite
                0x0000000008007186       0x38 /opt/st/stm32cubeide_1.4.0/plugins/com.st.stm32cube.ide.mcu.externaltools.gnu-tools-for-stm32.7-2018-q2-update.linux64_1.4.0.202007081208/tools/bin/../lib/gcc/arm-none-eabi/7.3.1/../../../../arm-none-eabi/lib/thumb/v7e-m/fpv5/hard/libc_nano.a(lib_a-stdio.o)
                0x0000000008007186                __swrite
 .text.__sseek  0x00000000080071be       0x24 /opt/st/stm32cubeide_1.4.0/plugins/com.st.stm32cube.ide.mcu.externaltools.gnu-tools-for-stm32.7-2018-q2-update.linux64_1.4.0.202007081208/tools/bin/../lib/gcc/arm-none-eabi/7.3.1/../../../../arm-none-eabi/lib/thumb/v7e-m/fpv5/hard/libc_nano.a(lib_a-stdio.o)
                0x00000000080071be                __sseek
 .text.__sclose
                0x00000000080071e2        0x8 /opt/st/stm32cubeide_1.4.0/plugins/com.st.stm32cube.ide.mcu.externaltools.gnu-tools-for-stm32.7-2018-q2-update.linux64_1.4.0.202007081208/tools/bin/../lib/gcc/arm-none-eabi/7.3.1/../../../../arm-none-eabi/lib/thumb/v7e-m/fpv5/hard/libc_nano.a(lib_a-stdio.o)
                0x00000000080071e2                __sclose
 *fill*         0x00000000080071ea        0x2 
 .text.__swbuf_r
                0x00000000080071ec       0xa4 /opt/st/stm32cubeide_1.4.0/plugins/com.st.stm32cube.ide.mcu.externaltools.gnu-tools-for-stm32.7-2018-q2-update.linux64_1.4.0.202007081208/tools/bin/../lib/gcc/arm-none-eabi/7.3.1/../../../../arm-none-eabi/lib/thumb/v7e-m/fpv5/hard/libc_nano.a(lib_a-wbuf.o)
                0x00000000080071ec                __swbuf_r
 .text._write_r
                0x0000000008007290       0x24 /opt/st/stm32cubeide_1.4.0/plugins/com.st.stm32cube.ide.mcu.externaltools.gnu-tools-for-stm32.7-2018-q2-update.linux64_1.4.0.202007081208/tools/bin/../lib/gcc/arm-none-eabi/7.3.1/../../../../arm-none-eabi/lib/thumb/v7e-m/fpv5/hard/libc_nano.a(lib_a-writer.o)
                0x0000000008007290                _write_r
 .text.__swsetup_r
                0x00000000080072b4       0xdc /opt/st/stm32cubeide_1.4.0/plugins/com.st.stm32cube.ide.mcu.externaltools.gnu-tools-for-stm32.7-2018-q2-update.linux64_1.4.0.202007081208/tools/bin/../lib/gcc/arm-none-eabi/7.3.1/../../../../arm-none-eabi/lib/thumb/v7e-m/fpv5/hard/libc_nano.a(lib_a-wsetup.o)
                0x00000000080072b4                __swsetup_r
 .text._close_r
                0x0000000008007390       0x20 /opt/st/stm32cubeide_1.4.0/plugins/com.st.stm32cube.ide.mcu.externaltools.gnu-tools-for-stm32.7-2018-q2-update.linux64_1.4.0.202007081208/tools/bin/../lib/gcc/arm-none-eabi/7.3.1/../../../../arm-none-eabi/lib/thumb/v7e-m/fpv5/hard/libc_nano.a(lib_a-closer.o)
                0x0000000008007390                _close_r
 .text._fstat_r
                0x00000000080073b0       0x24 /opt/st/stm32cubeide_1.4.0/plugins/com.st.stm32cube.ide.mcu.externaltools.gnu-tools-for-stm32.7-2018-q2-update.linux64_1.4.0.202007081208/tools/bin/../lib/gcc/arm-none-eabi/7.3.1/../../../../arm-none-eabi/lib/thumb/v7e-m/fpv5/hard/libc_nano.a(lib_a-fstatr.o)
                0x00000000080073b0                _fstat_r
 .text._isatty_r
                0x00000000080073d4       0x20 /opt/st/stm32cubeide_1.4.0/plugins/com.st.stm32cube.ide.mcu.externaltools.gnu-tools-for-stm32.7-2018-q2-update.linux64_1.4.0.202007081208/tools/bin/../lib/gcc/arm-none-eabi/7.3.1/../../../../arm-none-eabi/lib/thumb/v7e-m/fpv5/hard/libc_nano.a(lib_a-isattyr.o)
                0x00000000080073d4                _isatty_r
 .text._lseek_r
                0x00000000080073f4       0x24 /opt/st/stm32cubeide_1.4.0/plugins/com.st.stm32cube.ide.mcu.externaltools.gnu-tools-for-stm32.7-2018-q2-update.linux64_1.4.0.202007081208/tools/bin/../lib/gcc/arm-none-eabi/7.3.1/../../../../arm-none-eabi/lib/thumb/v7e-m/fpv5/hard/libc_nano.a(lib_a-lseekr.o)
                0x00000000080073f4                _lseek_r
 .text.__malloc_lock
                0x0000000008007418        0x2 /opt/st/stm32cubeide_1.4.0/plugins/com.st.stm32cube.ide.mcu.externaltools.gnu-tools-for-stm32.7-2018-q2-update.linux64_1.4.0.202007081208/tools/bin/../lib/gcc/arm-none-eabi/7.3.1/../../../../arm-none-eabi/lib/thumb/v7e-m/fpv5/hard/libc_nano.a(lib_a-mlock.o)
                0x0000000008007418                __malloc_lock
 .text.__malloc_unlock
                0x000000000800741a        0x2 /opt/st/stm32cubeide_1.4.0/plugins/com.st.stm32cube.ide.mcu.externaltools.gnu-tools-for-stm32.7-2018-q2-update.linux64_1.4.0.202007081208/tools/bin/../lib/gcc/arm-none-eabi/7.3.1/../../../../arm-none-eabi/lib/thumb/v7e-m/fpv5/hard/libc_nano.a(lib_a-mlock.o)
                0x000000000800741a                __malloc_unlock
 .text._read_r  0x000000000800741c       0x24 /opt/st/stm32cubeide_1.4.0/plugins/com.st.stm32cube.ide.mcu.externaltools.gnu-tools-for-stm32.7-2018-q2-update.linux64_1.4.0.202007081208/tools/bin/../lib/gcc/arm-none-eabi/7.3.1/../../../../arm-none-eabi/lib/thumb/v7e-m/fpv5/hard/libc_nano.a(lib_a-readr.o)
                0x000000000800741c                _read_r
 *(.glue_7)
 .glue_7        0x0000000008007440        0x0 linker stubs
 *(.glue_7t)
 .glue_7t       0x0000000008007440        0x0 linker stubs
 *(.eh_frame)
 .eh_frame      0x0000000008007440        0x0 /opt/st/stm32cubeide_1.4.0/plugins/com.st.stm32cube.ide.mcu.externaltools.gnu-tools-for-stm32.7-2018-q2-update.linux64_1.4.0.202007081208/tools/bin/../lib/gcc/arm-none-eabi/7.3.1/thumb/v7e-m/fpv5/hard/crtbegin.o
 *(.init)
 .init          0x0000000008007440        0x4 /opt/st/stm32cubeide_1.4.0/plugins/com.st.stm32cube.ide.mcu.externaltools.gnu-tools-for-stm32.7-2018-q2-update.linux64_1.4.0.202007081208/tools/bin/../lib/gcc/arm-none-eabi/7.3.1/thumb/v7e-m/fpv5/hard/crti.o
                0x0000000008007440                _init
 .init          0x0000000008007444        0x8 /opt/st/stm32cubeide_1.4.0/plugins/com.st.stm32cube.ide.mcu.externaltools.gnu-tools-for-stm32.7-2018-q2-update.linux64_1.4.0.202007081208/tools/bin/../lib/gcc/arm-none-eabi/7.3.1/thumb/v7e-m/fpv5/hard/crtn.o
 *(.fini)
 .fini          0x000000000800744c        0x4 /opt/st/stm32cubeide_1.4.0/plugins/com.st.stm32cube.ide.mcu.externaltools.gnu-tools-for-stm32.7-2018-q2-update.linux64_1.4.0.202007081208/tools/bin/../lib/gcc/arm-none-eabi/7.3.1/thumb/v7e-m/fpv5/hard/crti.o
                0x000000000800744c                _fini
 .fini          0x0000000008007450        0x8 /opt/st/stm32cubeide_1.4.0/plugins/com.st.stm32cube.ide.mcu.externaltools.gnu-tools-for-stm32.7-2018-q2-update.linux64_1.4.0.202007081208/tools/bin/../lib/gcc/arm-none-eabi/7.3.1/thumb/v7e-m/fpv5/hard/crtn.o
                0x0000000008007458                . = ALIGN (0x4)
                0x0000000008007458                _etext = .

.vfp11_veneer   0x0000000008007458        0x0
 .vfp11_veneer  0x0000000008007458        0x0 linker stubs

.v4_bx          0x0000000008007458        0x0
 .v4_bx         0x0000000008007458        0x0 linker stubs

.iplt           0x0000000008007458        0x0
 .iplt          0x0000000008007458        0x0 /opt/st/stm32cubeide_1.4.0/plugins/com.st.stm32cube.ide.mcu.externaltools.gnu-tools-for-stm32.7-2018-q2-update.linux64_1.4.0.202007081208/tools/bin/../lib/gcc/arm-none-eabi/7.3.1/thumb/v7e-m/fpv5/hard/crtbegin.o

.rodata         0x0000000008007458      0x154
                0x0000000008007458                . = ALIGN (0x4)
 *(.rodata)
 .rodata        0x0000000008007458       0x26 Core/Src/main.o
 *fill*         0x000000000800747e        0x2 
 .rodata        0x0000000008007480       0x4c Drivers/STM32H7xx_HAL_Driver/Src/stm32h7xx_hal_fdcan.o
 .rodata        0x00000000080074cc       0x10 Drivers/STM32H7xx_HAL_Driver/Src/stm32h7xx_hal_uart_ex.o
 *(.rodata*)
 .rodata.D1CorePrescTable
                0x00000000080074dc       0x10 Core/Src/system_stm32h7xx.o
                0x00000000080074dc                D1CorePrescTable
 .rodata.DLCtoBytes
                0x00000000080074ec       0x10 Drivers/STM32H7xx_HAL_Driver/Src/stm32h7xx_hal_fdcan.o
 .rodata.UARTPrescTable
                0x00000000080074fc       0x18 Drivers/STM32H7xx_HAL_Driver/Src/stm32h7xx_hal_uart.o
                0x00000000080074fc                UARTPrescTable
 .rodata._global_impure_ptr
                0x0000000008007514        0x4 /opt/st/stm32cubeide_1.4.0/plugins/com.st.stm32cube.ide.mcu.externaltools.gnu-tools-for-stm32.7-2018-q2-update.linux64_1.4.0.202007081208/tools/bin/../lib/gcc/arm-none-eabi/7.3.1/../../../../arm-none-eabi/lib/thumb/v7e-m/fpv5/hard/libc_nano.a(lib_a-impure.o)
                0x0000000008007514                _global_impure_ptr
 .rodata.__sf_fake_stderr
                0x0000000008007518       0x20 /opt/st/stm32cubeide_1.4.0/plugins/com.st.stm32cube.ide.mcu.externaltools.gnu-tools-for-stm32.7-2018-q2-update.linux64_1.4.0.202007081208/tools/bin/../lib/gcc/arm-none-eabi/7.3.1/../../../../arm-none-eabi/lib/thumb/v7e-m/fpv5/hard/libc_nano.a(lib_a-findfp.o)
                0x0000000008007518                __sf_fake_stderr
 .rodata.__sf_fake_stdin
                0x0000000008007538       0x20 /opt/st/stm32cubeide_1.4.0/plugins/com.st.stm32cube.ide.mcu.externaltools.gnu-tools-for-stm32.7-2018-q2-update.linux64_1.4.0.202007081208/tools/bin/../lib/gcc/arm-none-eabi/7.3.1/../../../../arm-none-eabi/lib/thumb/v7e-m/fpv5/hard/libc_nano.a(lib_a-findfp.o)
                0x0000000008007538                __sf_fake_stdin
 .rodata.__sf_fake_stdout
                0x0000000008007558       0x20 /opt/st/stm32cubeide_1.4.0/plugins/com.st.stm32cube.ide.mcu.externaltools.gnu-tools-for-stm32.7-2018-q2-update.linux64_1.4.0.202007081208/tools/bin/../lib/gcc/arm-none-eabi/7.3.1/../../../../arm-none-eabi/lib/thumb/v7e-m/fpv5/hard/libc_nano.a(lib_a-findfp.o)
                0x0000000008007558                __sf_fake_stdout
 .rodata._vfprintf_r.str1.1
                0x0000000008007578       0x11 /opt/st/stm32cubeide_1.4.0/plugins/com.st.stm32cube.ide.mcu.externaltools.gnu-tools-for-stm32.7-2018-q2-update.linux64_1.4.0.202007081208/tools/bin/../lib/gcc/arm-none-eabi/7.3.1/../../../../arm-none-eabi/lib/thumb/v7e-m/fpv5/hard/libc_nano.a(lib_a-nano-vfprintf.o)
 .rodata._printf_i.str1.1
                0x0000000008007589       0x22 /opt/st/stm32cubeide_1.4.0/plugins/com.st.stm32cube.ide.mcu.externaltools.gnu-tools-for-stm32.7-2018-q2-update.linux64_1.4.0.202007081208/tools/bin/../lib/gcc/arm-none-eabi/7.3.1/../../../../arm-none-eabi/lib/thumb/v7e-m/fpv5/hard/libc_nano.a(lib_a-nano-vfprintf_i.o)
                0x00000000080075ac                . = ALIGN (0x4)
 *fill*         0x00000000080075ab        0x1 

.ARM.extab      0x00000000080075ac        0x0
                0x00000000080075ac                . = ALIGN (0x4)
 *(.ARM.extab* .gnu.linkonce.armextab.*)
                0x00000000080075ac                . = ALIGN (0x4)

.ARM            0x00000000080075ac        0x8
                0x00000000080075ac                . = ALIGN (0x4)
                0x00000000080075ac                __exidx_start = .
 *(.ARM.exidx*)
 .ARM.exidx     0x00000000080075ac        0x8 /opt/st/stm32cubeide_1.4.0/plugins/com.st.stm32cube.ide.mcu.externaltools.gnu-tools-for-stm32.7-2018-q2-update.linux64_1.4.0.202007081208/tools/bin/../lib/gcc/arm-none-eabi/7.3.1/thumb/v7e-m/fpv5/hard/libgcc.a(_udivmoddi4.o)
                0x00000000080075b4                __exidx_end = .
                0x00000000080075b4                . = ALIGN (0x4)

.rel.dyn        0x00000000080075b4        0x0
 .rel.iplt      0x00000000080075b4        0x0 /opt/st/stm32cubeide_1.4.0/plugins/com.st.stm32cube.ide.mcu.externaltools.gnu-tools-for-stm32.7-2018-q2-update.linux64_1.4.0.202007081208/tools/bin/../lib/gcc/arm-none-eabi/7.3.1/thumb/v7e-m/fpv5/hard/crtbegin.o

.preinit_array  0x00000000080075b4        0x0
                0x00000000080075b4                . = ALIGN (0x4)
                0x00000000080075b4                PROVIDE (__preinit_array_start = .)
 *(.preinit_array*)
                0x00000000080075b4                PROVIDE (__preinit_array_end = .)
                0x00000000080075b4                . = ALIGN (0x4)

.init_array     0x00000000080075b4        0x4
                0x00000000080075b4                . = ALIGN (0x4)
                0x00000000080075b4                PROVIDE (__init_array_start = .)
 *(SORT_BY_NAME(.init_array.*))
 *(.init_array*)
 .init_array    0x00000000080075b4        0x4 /opt/st/stm32cubeide_1.4.0/plugins/com.st.stm32cube.ide.mcu.externaltools.gnu-tools-for-stm32.7-2018-q2-update.linux64_1.4.0.202007081208/tools/bin/../lib/gcc/arm-none-eabi/7.3.1/thumb/v7e-m/fpv5/hard/crtbegin.o
                0x00000000080075b8                PROVIDE (__init_array_end = .)
                0x00000000080075b8                . = ALIGN (0x4)

.fini_array     0x00000000080075b8        0x4
                0x00000000080075b8                . = ALIGN (0x4)
                [!provide]                        PROVIDE (__fini_array_start = .)
 *(SORT_BY_NAME(.fini_array.*))
 *(.fini_array*)
 .fini_array    0x00000000080075b8        0x4 /opt/st/stm32cubeide_1.4.0/plugins/com.st.stm32cube.ide.mcu.externaltools.gnu-tools-for-stm32.7-2018-q2-update.linux64_1.4.0.202007081208/tools/bin/../lib/gcc/arm-none-eabi/7.3.1/thumb/v7e-m/fpv5/hard/crtbegin.o
                [!provide]                        PROVIDE (__fini_array_end = .)
                0x00000000080075bc                . = ALIGN (0x4)
                0x00000000080075bc                _sidata = LOADADDR (.data)

.data           0x0000000024000000       0x74 load address 0x00000000080075bc
                0x0000000024000000                . = ALIGN (0x4)
                0x0000000024000000                _sdata = .
 *(.data)
 *(.data*)
 .data.SystemCoreClock
                0x0000000024000000        0x4 Core/Src/system_stm32h7xx.o
                0x0000000024000000                SystemCoreClock
 .data.SystemD2Clock
                0x0000000024000004        0x4 Core/Src/system_stm32h7xx.o
                0x0000000024000004                SystemD2Clock
 .data.uwTickPrio
                0x0000000024000008        0x4 Drivers/STM32H7xx_HAL_Driver/Src/stm32h7xx_hal.o
                0x0000000024000008                uwTickPrio
 .data.uwTickFreq
                0x000000002400000c        0x1 Drivers/STM32H7xx_HAL_Driver/Src/stm32h7xx_hal.o
                0x000000002400000c                uwTickFreq
 *fill*         0x000000002400000d        0x3 
 .data._impure_ptr
                0x0000000024000010        0x4 /opt/st/stm32cubeide_1.4.0/plugins/com.st.stm32cube.ide.mcu.externaltools.gnu-tools-for-stm32.7-2018-q2-update.linux64_1.4.0.202007081208/tools/bin/../lib/gcc/arm-none-eabi/7.3.1/../../../../arm-none-eabi/lib/thumb/v7e-m/fpv5/hard/libc_nano.a(lib_a-impure.o)
                0x0000000024000010                _impure_ptr
 .data.impure_data
                0x0000000024000014       0x60 /opt/st/stm32cubeide_1.4.0/plugins/com.st.stm32cube.ide.mcu.externaltools.gnu-tools-for-stm32.7-2018-q2-update.linux64_1.4.0.202007081208/tools/bin/../lib/gcc/arm-none-eabi/7.3.1/../../../../arm-none-eabi/lib/thumb/v7e-m/fpv5/hard/libc_nano.a(lib_a-impure.o)
                0x0000000024000074                . = ALIGN (0x4)
                0x0000000024000074                _edata = .

.igot.plt       0x0000000024000074        0x0 load address 0x0000000008007630
 .igot.plt      0x0000000024000074        0x0 /opt/st/stm32cubeide_1.4.0/plugins/com.st.stm32cube.ide.mcu.externaltools.gnu-tools-for-stm32.7-2018-q2-update.linux64_1.4.0.202007081208/tools/bin/../lib/gcc/arm-none-eabi/7.3.1/thumb/v7e-m/fpv5/hard/crtbegin.o
                0x0000000024000074                . = ALIGN (0x4)

.bss            0x0000000024000074      0x1bc load address 0x0000000008007630
                0x0000000024000074                _sbss = .
                0x0000000024000074                __bss_start__ = _sbss
 *(.bss)
 .bss           0x0000000024000074       0x1c /opt/st/stm32cubeide_1.4.0/plugins/com.st.stm32cube.ide.mcu.externaltools.gnu-tools-for-stm32.7-2018-q2-update.linux64_1.4.0.202007081208/tools/bin/../lib/gcc/arm-none-eabi/7.3.1/thumb/v7e-m/fpv5/hard/crtbegin.o
 *(.bss*)
 .bss.RxData    0x0000000024000090        0x8 Core/Src/main.o
                0x0000000024000090                RxData
 .bss.__sbrk_heap_end
                0x0000000024000098        0x4 Core/Src/sysmem.o
 .bss.__malloc_free_list
                0x000000002400009c        0x4 /opt/st/stm32cubeide_1.4.0/plugins/com.st.stm32cube.ide.mcu.externaltools.gnu-tools-for-stm32.7-2018-q2-update.linux64_1.4.0.202007081208/tools/bin/../lib/gcc/arm-none-eabi/7.3.1/../../../../arm-none-eabi/lib/thumb/v7e-m/fpv5/hard/libc_nano.a(lib_a-nano-mallocr.o)
                0x000000002400009c                __malloc_free_list
 .bss.__malloc_sbrk_start
                0x00000000240000a0        0x4 /opt/st/stm32cubeide_1.4.0/plugins/com.st.stm32cube.ide.mcu.externaltools.gnu-tools-for-stm32.7-2018-q2-update.linux64_1.4.0.202007081208/tools/bin/../lib/gcc/arm-none-eabi/7.3.1/../../../../arm-none-eabi/lib/thumb/v7e-m/fpv5/hard/libc_nano.a(lib_a-nano-mallocr.o)
                0x00000000240000a0                __malloc_sbrk_start
 *(COMMON)
 COMMON         0x00000000240000a4      0x180 Core/Src/main.o
                0x00000000240000a4                huart3
                0x0000000024000130                hfdcan1
                0x00000000240001d0                TxData
                0x00000000240001d8                TxHeader
                0x00000000240001fc                RxHeader
 COMMON         0x0000000024000224        0x4 Core/Src/retarget.o
                0x0000000024000224                gHuart
 COMMON         0x0000000024000228        0x4 Drivers/STM32H7xx_HAL_Driver/Src/stm32h7xx_hal.o
                0x0000000024000228                uwTick
 COMMON         0x000000002400022c        0x4 /opt/st/stm32cubeide_1.4.0/plugins/com.st.stm32cube.ide.mcu.externaltools.gnu-tools-for-stm32.7-2018-q2-update.linux64_1.4.0.202007081208/tools/bin/../lib/gcc/arm-none-eabi/7.3.1/../../../../arm-none-eabi/lib/thumb/v7e-m/fpv5/hard/libc_nano.a(lib_a-reent.o)
                0x000000002400022c                errno
                0x0000000024000230                . = ALIGN (0x4)
                0x0000000024000230                _ebss = .
                0x0000000024000230                __bss_end__ = _ebss

._user_heap_stack
                0x0000000024000230      0x600 load address 0x0000000008007630
                0x0000000024000230                . = ALIGN (0x8)
                [!provide]                        PROVIDE (end = .)
                0x0000000024000230                PROVIDE (_end = .)
                0x0000000024000430                . = (. + _Min_Heap_Size)
 *fill*         0x0000000024000230      0x200 
                0x0000000024000830                . = (. + _Min_Stack_Size)
 *fill*         0x0000000024000430      0x400 
                0x0000000024000830                . = ALIGN (0x8)

/DISCARD/
 libc.a(*)
 libm.a(*)
 libgcc.a(*)

.ARM.attributes
                0x0000000000000000       0x2e
 *(.ARM.attributes)
 .ARM.attributes
                0x0000000000000000       0x20 /opt/st/stm32cubeide_1.4.0/plugins/com.st.stm32cube.ide.mcu.externaltools.gnu-tools-for-stm32.7-2018-q2-update.linux64_1.4.0.202007081208/tools/bin/../lib/gcc/arm-none-eabi/7.3.1/thumb/v7e-m/fpv5/hard/crti.o
 .ARM.attributes
                0x0000000000000020       0x32 /opt/st/stm32cubeide_1.4.0/plugins/com.st.stm32cube.ide.mcu.externaltools.gnu-tools-for-stm32.7-2018-q2-update.linux64_1.4.0.202007081208/tools/bin/../lib/gcc/arm-none-eabi/7.3.1/thumb/v7e-m/fpv5/hard/crtbegin.o
 .ARM.attributes
                0x0000000000000052       0x37 Core/Src/main.o
 .ARM.attributes
                0x0000000000000089       0x37 Core/Src/retarget.o
 .ARM.attributes
                0x00000000000000c0       0x37 Core/Src/stm32h7xx_hal_msp.o
 .ARM.attributes
                0x00000000000000f7       0x37 Core/Src/stm32h7xx_it.o
 .ARM.attributes
                0x000000000000012e       0x37 Core/Src/sysmem.o
 .ARM.attributes
                0x0000000000000165       0x37 Core/Src/system_stm32h7xx.o
 .ARM.attributes
                0x000000000000019c       0x21 Core/Startup/startup_stm32h743zitx.o
 .ARM.attributes
                0x00000000000001bd       0x37 Drivers/STM32H7xx_HAL_Driver/Src/stm32h7xx_hal.o
 .ARM.attributes
                0x00000000000001f4       0x37 Drivers/STM32H7xx_HAL_Driver/Src/stm32h7xx_hal_cortex.o
 .ARM.attributes
                0x000000000000022b       0x37 Drivers/STM32H7xx_HAL_Driver/Src/stm32h7xx_hal_fdcan.o
 .ARM.attributes
                0x0000000000000262       0x37 Drivers/STM32H7xx_HAL_Driver/Src/stm32h7xx_hal_gpio.o
 .ARM.attributes
                0x0000000000000299       0x37 Drivers/STM32H7xx_HAL_Driver/Src/stm32h7xx_hal_pwr_ex.o
 .ARM.attributes
                0x00000000000002d0       0x37 Drivers/STM32H7xx_HAL_Driver/Src/stm32h7xx_hal_rcc.o
 .ARM.attributes
                0x0000000000000307       0x37 Drivers/STM32H7xx_HAL_Driver/Src/stm32h7xx_hal_rcc_ex.o
 .ARM.attributes
                0x000000000000033e       0x37 Drivers/STM32H7xx_HAL_Driver/Src/stm32h7xx_hal_uart.o
 .ARM.attributes
                0x0000000000000375       0x37 Drivers/STM32H7xx_HAL_Driver/Src/stm32h7xx_hal_uart_ex.o
 .ARM.attributes
                0x00000000000003ac       0x32 /opt/st/stm32cubeide_1.4.0/plugins/com.st.stm32cube.ide.mcu.externaltools.gnu-tools-for-stm32.7-2018-q2-update.linux64_1.4.0.202007081208/tools/bin/../lib/gcc/arm-none-eabi/7.3.1/../../../../arm-none-eabi/lib/thumb/v7e-m/fpv5/hard/libc_nano.a(lib_a-errno.o)
 .ARM.attributes
                0x00000000000003de       0x32 /opt/st/stm32cubeide_1.4.0/plugins/com.st.stm32cube.ide.mcu.externaltools.gnu-tools-for-stm32.7-2018-q2-update.linux64_1.4.0.202007081208/tools/bin/../lib/gcc/arm-none-eabi/7.3.1/../../../../arm-none-eabi/lib/thumb/v7e-m/fpv5/hard/libc_nano.a(lib_a-impure.o)
 .ARM.attributes
                0x0000000000000410       0x32 /opt/st/stm32cubeide_1.4.0/plugins/com.st.stm32cube.ide.mcu.externaltools.gnu-tools-for-stm32.7-2018-q2-update.linux64_1.4.0.202007081208/tools/bin/../lib/gcc/arm-none-eabi/7.3.1/../../../../arm-none-eabi/lib/thumb/v7e-m/fpv5/hard/libc_nano.a(lib_a-init.o)
 .ARM.attributes
                0x0000000000000442       0x32 /opt/st/stm32cubeide_1.4.0/plugins/com.st.stm32cube.ide.mcu.externaltools.gnu-tools-for-stm32.7-2018-q2-update.linux64_1.4.0.202007081208/tools/bin/../lib/gcc/arm-none-eabi/7.3.1/../../../../arm-none-eabi/lib/thumb/v7e-m/fpv5/hard/libc_nano.a(lib_a-memcpy-stub.o)
 .ARM.attributes
                0x0000000000000474       0x32 /opt/st/stm32cubeide_1.4.0/plugins/com.st.stm32cube.ide.mcu.externaltools.gnu-tools-for-stm32.7-2018-q2-update.linux64_1.4.0.202007081208/tools/bin/../lib/gcc/arm-none-eabi/7.3.1/../../../../arm-none-eabi/lib/thumb/v7e-m/fpv5/hard/libc_nano.a(lib_a-memset.o)
 .ARM.attributes
                0x00000000000004a6       0x32 /opt/st/stm32cubeide_1.4.0/plugins/com.st.stm32cube.ide.mcu.externaltools.gnu-tools-for-stm32.7-2018-q2-update.linux64_1.4.0.202007081208/tools/bin/../lib/gcc/arm-none-eabi/7.3.1/../../../../arm-none-eabi/lib/thumb/v7e-m/fpv5/hard/libc_nano.a(lib_a-printf.o)
 .ARM.attributes
                0x00000000000004d8       0x32 /opt/st/stm32cubeide_1.4.0/plugins/com.st.stm32cube.ide.mcu.externaltools.gnu-tools-for-stm32.7-2018-q2-update.linux64_1.4.0.202007081208/tools/bin/../lib/gcc/arm-none-eabi/7.3.1/../../../../arm-none-eabi/lib/thumb/v7e-m/fpv5/hard/libc_nano.a(lib_a-putchar.o)
 .ARM.attributes
                0x000000000000050a       0x32 /opt/st/stm32cubeide_1.4.0/plugins/com.st.stm32cube.ide.mcu.externaltools.gnu-tools-for-stm32.7-2018-q2-update.linux64_1.4.0.202007081208/tools/bin/../lib/gcc/arm-none-eabi/7.3.1/../../../../arm-none-eabi/lib/thumb/v7e-m/fpv5/hard/libc_nano.a(lib_a-setvbuf.o)
 .ARM.attributes
                0x000000000000053c       0x32 /opt/st/stm32cubeide_1.4.0/plugins/com.st.stm32cube.ide.mcu.externaltools.gnu-tools-for-stm32.7-2018-q2-update.linux64_1.4.0.202007081208/tools/bin/../lib/gcc/arm-none-eabi/7.3.1/../../../../arm-none-eabi/lib/thumb/v7e-m/fpv5/hard/libc_nano.a(lib_a-fflush.o)
 .ARM.attributes
                0x000000000000056e       0x32 /opt/st/stm32cubeide_1.4.0/plugins/com.st.stm32cube.ide.mcu.externaltools.gnu-tools-for-stm32.7-2018-q2-update.linux64_1.4.0.202007081208/tools/bin/../lib/gcc/arm-none-eabi/7.3.1/../../../../arm-none-eabi/lib/thumb/v7e-m/fpv5/hard/libc_nano.a(lib_a-findfp.o)
 .ARM.attributes
                0x00000000000005a0       0x32 /opt/st/stm32cubeide_1.4.0/plugins/com.st.stm32cube.ide.mcu.externaltools.gnu-tools-for-stm32.7-2018-q2-update.linux64_1.4.0.202007081208/tools/bin/../lib/gcc/arm-none-eabi/7.3.1/../../../../arm-none-eabi/lib/thumb/v7e-m/fpv5/hard/libc_nano.a(lib_a-fwalk.o)
 .ARM.attributes
                0x00000000000005d2       0x32 /opt/st/stm32cubeide_1.4.0/plugins/com.st.stm32cube.ide.mcu.externaltools.gnu-tools-for-stm32.7-2018-q2-update.linux64_1.4.0.202007081208/tools/bin/../lib/gcc/arm-none-eabi/7.3.1/../../../../arm-none-eabi/lib/thumb/v7e-m/fpv5/hard/libc_nano.a(lib_a-makebuf.o)
 .ARM.attributes
                0x0000000000000604       0x32 /opt/st/stm32cubeide_1.4.0/plugins/com.st.stm32cube.ide.mcu.externaltools.gnu-tools-for-stm32.7-2018-q2-update.linux64_1.4.0.202007081208/tools/bin/../lib/gcc/arm-none-eabi/7.3.1/../../../../arm-none-eabi/lib/thumb/v7e-m/fpv5/hard/libc_nano.a(lib_a-malloc.o)
 .ARM.attributes
                0x0000000000000636       0x32 /opt/st/stm32cubeide_1.4.0/plugins/com.st.stm32cube.ide.mcu.externaltools.gnu-tools-for-stm32.7-2018-q2-update.linux64_1.4.0.202007081208/tools/bin/../lib/gcc/arm-none-eabi/7.3.1/../../../../arm-none-eabi/lib/thumb/v7e-m/fpv5/hard/libc_nano.a(lib_a-nano-freer.o)
 .ARM.attributes
                0x0000000000000668       0x32 /opt/st/stm32cubeide_1.4.0/plugins/com.st.stm32cube.ide.mcu.externaltools.gnu-tools-for-stm32.7-2018-q2-update.linux64_1.4.0.202007081208/tools/bin/../lib/gcc/arm-none-eabi/7.3.1/../../../../arm-none-eabi/lib/thumb/v7e-m/fpv5/hard/libc_nano.a(lib_a-nano-mallocr.o)
 .ARM.attributes
                0x000000000000069a       0x32 /opt/st/stm32cubeide_1.4.0/plugins/com.st.stm32cube.ide.mcu.externaltools.gnu-tools-for-stm32.7-2018-q2-update.linux64_1.4.0.202007081208/tools/bin/../lib/gcc/arm-none-eabi/7.3.1/../../../../arm-none-eabi/lib/thumb/v7e-m/fpv5/hard/libc_nano.a(lib_a-nano-vfprintf.o)
 .ARM.attributes
                0x00000000000006cc       0x32 /opt/st/stm32cubeide_1.4.0/plugins/com.st.stm32cube.ide.mcu.externaltools.gnu-tools-for-stm32.7-2018-q2-update.linux64_1.4.0.202007081208/tools/bin/../lib/gcc/arm-none-eabi/7.3.1/../../../../arm-none-eabi/lib/thumb/v7e-m/fpv5/hard/libc_nano.a(lib_a-nano-vfprintf_i.o)
 .ARM.attributes
                0x00000000000006fe       0x32 /opt/st/stm32cubeide_1.4.0/plugins/com.st.stm32cube.ide.mcu.externaltools.gnu-tools-for-stm32.7-2018-q2-update.linux64_1.4.0.202007081208/tools/bin/../lib/gcc/arm-none-eabi/7.3.1/../../../../arm-none-eabi/lib/thumb/v7e-m/fpv5/hard/libc_nano.a(lib_a-putc.o)
 .ARM.attributes
                0x0000000000000730       0x32 /opt/st/stm32cubeide_1.4.0/plugins/com.st.stm32cube.ide.mcu.externaltools.gnu-tools-for-stm32.7-2018-q2-update.linux64_1.4.0.202007081208/tools/bin/../lib/gcc/arm-none-eabi/7.3.1/../../../../arm-none-eabi/lib/thumb/v7e-m/fpv5/hard/libc_nano.a(lib_a-sbrkr.o)
 .ARM.attributes
                0x0000000000000762       0x32 /opt/st/stm32cubeide_1.4.0/plugins/com.st.stm32cube.ide.mcu.externaltools.gnu-tools-for-stm32.7-2018-q2-update.linux64_1.4.0.202007081208/tools/bin/../lib/gcc/arm-none-eabi/7.3.1/../../../../arm-none-eabi/lib/thumb/v7e-m/fpv5/hard/libc_nano.a(lib_a-stdio.o)
 .ARM.attributes
                0x0000000000000794       0x32 /opt/st/stm32cubeide_1.4.0/plugins/com.st.stm32cube.ide.mcu.externaltools.gnu-tools-for-stm32.7-2018-q2-update.linux64_1.4.0.202007081208/tools/bin/../lib/gcc/arm-none-eabi/7.3.1/../../../../arm-none-eabi/lib/thumb/v7e-m/fpv5/hard/libc_nano.a(lib_a-wbuf.o)
 .ARM.attributes
                0x00000000000007c6       0x32 /opt/st/stm32cubeide_1.4.0/plugins/com.st.stm32cube.ide.mcu.externaltools.gnu-tools-for-stm32.7-2018-q2-update.linux64_1.4.0.202007081208/tools/bin/../lib/gcc/arm-none-eabi/7.3.1/../../../../arm-none-eabi/lib/thumb/v7e-m/fpv5/hard/libc_nano.a(lib_a-writer.o)
 .ARM.attributes
                0x00000000000007f8       0x32 /opt/st/stm32cubeide_1.4.0/plugins/com.st.stm32cube.ide.mcu.externaltools.gnu-tools-for-stm32.7-2018-q2-update.linux64_1.4.0.202007081208/tools/bin/../lib/gcc/arm-none-eabi/7.3.1/../../../../arm-none-eabi/lib/thumb/v7e-m/fpv5/hard/libc_nano.a(lib_a-wsetup.o)
 .ARM.attributes
                0x000000000000082a       0x32 /opt/st/stm32cubeide_1.4.0/plugins/com.st.stm32cube.ide.mcu.externaltools.gnu-tools-for-stm32.7-2018-q2-update.linux64_1.4.0.202007081208/tools/bin/../lib/gcc/arm-none-eabi/7.3.1/../../../../arm-none-eabi/lib/thumb/v7e-m/fpv5/hard/libc_nano.a(lib_a-closer.o)
 .ARM.attributes
                0x000000000000085c       0x32 /opt/st/stm32cubeide_1.4.0/plugins/com.st.stm32cube.ide.mcu.externaltools.gnu-tools-for-stm32.7-2018-q2-update.linux64_1.4.0.202007081208/tools/bin/../lib/gcc/arm-none-eabi/7.3.1/../../../../arm-none-eabi/lib/thumb/v7e-m/fpv5/hard/libc_nano.a(lib_a-fstatr.o)
 .ARM.attributes
                0x000000000000088e       0x32 /opt/st/stm32cubeide_1.4.0/plugins/com.st.stm32cube.ide.mcu.externaltools.gnu-tools-for-stm32.7-2018-q2-update.linux64_1.4.0.202007081208/tools/bin/../lib/gcc/arm-none-eabi/7.3.1/../../../../arm-none-eabi/lib/thumb/v7e-m/fpv5/hard/libc_nano.a(lib_a-isattyr.o)
 .ARM.attributes
                0x00000000000008c0       0x32 /opt/st/stm32cubeide_1.4.0/plugins/com.st.stm32cube.ide.mcu.externaltools.gnu-tools-for-stm32.7-2018-q2-update.linux64_1.4.0.202007081208/tools/bin/../lib/gcc/arm-none-eabi/7.3.1/../../../../arm-none-eabi/lib/thumb/v7e-m/fpv5/hard/libc_nano.a(lib_a-lseekr.o)
 .ARM.attributes
                0x00000000000008f2       0x1e /opt/st/stm32cubeide_1.4.0/plugins/com.st.stm32cube.ide.mcu.externaltools.gnu-tools-for-stm32.7-2018-q2-update.linux64_1.4.0.202007081208/tools/bin/../lib/gcc/arm-none-eabi/7.3.1/../../../../arm-none-eabi/lib/thumb/v7e-m/fpv5/hard/libc_nano.a(lib_a-memchr.o)
 .ARM.attributes
                0x0000000000000910       0x32 /opt/st/stm32cubeide_1.4.0/plugins/com.st.stm32cube.ide.mcu.externaltools.gnu-tools-for-stm32.7-2018-q2-update.linux64_1.4.0.202007081208/tools/bin/../lib/gcc/arm-none-eabi/7.3.1/../../../../arm-none-eabi/lib/thumb/v7e-m/fpv5/hard/libc_nano.a(lib_a-mlock.o)
 .ARM.attributes
                0x0000000000000942       0x32 /opt/st/stm32cubeide_1.4.0/plugins/com.st.stm32cube.ide.mcu.externaltools.gnu-tools-for-stm32.7-2018-q2-update.linux64_1.4.0.202007081208/tools/bin/../lib/gcc/arm-none-eabi/7.3.1/../../../../arm-none-eabi/lib/thumb/v7e-m/fpv5/hard/libc_nano.a(lib_a-readr.o)
 .ARM.attributes
                0x0000000000000974       0x32 /opt/st/stm32cubeide_1.4.0/plugins/com.st.stm32cube.ide.mcu.externaltools.gnu-tools-for-stm32.7-2018-q2-update.linux64_1.4.0.202007081208/tools/bin/../lib/gcc/arm-none-eabi/7.3.1/../../../../arm-none-eabi/lib/thumb/v7e-m/fpv5/hard/libc_nano.a(lib_a-reent.o)
 .ARM.attributes
                0x00000000000009a6       0x20 /opt/st/stm32cubeide_1.4.0/plugins/com.st.stm32cube.ide.mcu.externaltools.gnu-tools-for-stm32.7-2018-q2-update.linux64_1.4.0.202007081208/tools/bin/../lib/gcc/arm-none-eabi/7.3.1/thumb/v7e-m/fpv5/hard/libgcc.a(_aeabi_uldivmod.o)
 .ARM.attributes
                0x00000000000009c6       0x32 /opt/st/stm32cubeide_1.4.0/plugins/com.st.stm32cube.ide.mcu.externaltools.gnu-tools-for-stm32.7-2018-q2-update.linux64_1.4.0.202007081208/tools/bin/../lib/gcc/arm-none-eabi/7.3.1/thumb/v7e-m/fpv5/hard/libgcc.a(_udivmoddi4.o)
 .ARM.attributes
                0x00000000000009f8       0x20 /opt/st/stm32cubeide_1.4.0/plugins/com.st.stm32cube.ide.mcu.externaltools.gnu-tools-for-stm32.7-2018-q2-update.linux64_1.4.0.202007081208/tools/bin/../lib/gcc/arm-none-eabi/7.3.1/thumb/v7e-m/fpv5/hard/libgcc.a(_dvmd_tls.o)
 .ARM.attributes
                0x0000000000000a18       0x20 /opt/st/stm32cubeide_1.4.0/plugins/com.st.stm32cube.ide.mcu.externaltools.gnu-tools-for-stm32.7-2018-q2-update.linux64_1.4.0.202007081208/tools/bin/../lib/gcc/arm-none-eabi/7.3.1/thumb/v7e-m/fpv5/hard/crtn.o
OUTPUT(Putty_test.elf elf32-littlearm)

.debug_info     0x0000000000000000    0x197bd
 .debug_info    0x0000000000000000     0x26e5 Core/Src/main.o
 .debug_info    0x00000000000026e5     0x149d Core/Src/retarget.o
 .debug_info    0x0000000000003b82     0x20dc Core/Src/stm32h7xx_hal_msp.o
 .debug_info    0x0000000000005c5e     0x128c Core/Src/stm32h7xx_it.o
 .debug_info    0x0000000000006eea      0x985 Core/Src/sysmem.o
 .debug_info    0x000000000000786f     0x161d Core/Src/system_stm32h7xx.o
 .debug_info    0x0000000000008e8c       0x22 Core/Startup/startup_stm32h743zitx.o
 .debug_info    0x0000000000008eae     0x1e3c Drivers/STM32H7xx_HAL_Driver/Src/stm32h7xx_hal.o
 .debug_info    0x000000000000acea     0x1ab0 Drivers/STM32H7xx_HAL_Driver/Src/stm32h7xx_hal_cortex.o
 .debug_info    0x000000000000c79a     0x341b Drivers/STM32H7xx_HAL_Driver/Src/stm32h7xx_hal_fdcan.o
 .debug_info    0x000000000000fbb5     0x1666 Drivers/STM32H7xx_HAL_Driver/Src/stm32h7xx_hal_gpio.o
 .debug_info    0x000000000001121b     0x1951 Drivers/STM32H7xx_HAL_Driver/Src/stm32h7xx_hal_pwr_ex.o
 .debug_info    0x0000000000012b6c     0x17c7 Drivers/STM32H7xx_HAL_Driver/Src/stm32h7xx_hal_rcc.o
 .debug_info    0x0000000000014333     0x1b37 Drivers/STM32H7xx_HAL_Driver/Src/stm32h7xx_hal_rcc_ex.o
 .debug_info    0x0000000000015e6a     0x24aa Drivers/STM32H7xx_HAL_Driver/Src/stm32h7xx_hal_uart.o
 .debug_info    0x0000000000018314     0x14a9 Drivers/STM32H7xx_HAL_Driver/Src/stm32h7xx_hal_uart_ex.o

.debug_abbrev   0x0000000000000000     0x26b5
 .debug_abbrev  0x0000000000000000      0x29d Core/Src/main.o
 .debug_abbrev  0x000000000000029d      0x21d Core/Src/retarget.o
 .debug_abbrev  0x00000000000004ba      0x226 Core/Src/stm32h7xx_hal_msp.o
 .debug_abbrev  0x00000000000006e0      0x1f2 Core/Src/stm32h7xx_it.o
 .debug_abbrev  0x00000000000008d2      0x19b Core/Src/sysmem.o
 .debug_abbrev  0x0000000000000a6d      0x22e Core/Src/system_stm32h7xx.o
 .debug_abbrev  0x0000000000000c9b       0x12 Core/Startup/startup_stm32h743zitx.o
 .debug_abbrev  0x0000000000000cad      0x2d9 Drivers/STM32H7xx_HAL_Driver/Src/stm32h7xx_hal.o
 .debug_abbrev  0x0000000000000f86      0x3b5 Drivers/STM32H7xx_HAL_Driver/Src/stm32h7xx_hal_cortex.o
 .debug_abbrev  0x000000000000133b      0x2f3 Drivers/STM32H7xx_HAL_Driver/Src/stm32h7xx_hal_fdcan.o
 .debug_abbrev  0x000000000000162e      0x28f Drivers/STM32H7xx_HAL_Driver/Src/stm32h7xx_hal_gpio.o
 .debug_abbrev  0x00000000000018bd      0x311 Drivers/STM32H7xx_HAL_Driver/Src/stm32h7xx_hal_pwr_ex.o
 .debug_abbrev  0x0000000000001bce      0x2e2 Drivers/STM32H7xx_HAL_Driver/Src/stm32h7xx_hal_rcc.o
 .debug_abbrev  0x0000000000001eb0      0x2db Drivers/STM32H7xx_HAL_Driver/Src/stm32h7xx_hal_rcc_ex.o
 .debug_abbrev  0x000000000000218b      0x2bb Drivers/STM32H7xx_HAL_Driver/Src/stm32h7xx_hal_uart.o
 .debug_abbrev  0x0000000000002446      0x26f Drivers/STM32H7xx_HAL_Driver/Src/stm32h7xx_hal_uart_ex.o

.debug_aranges  0x0000000000000000      0xdb0
 .debug_aranges
                0x0000000000000000       0x50 Core/Src/main.o
 .debug_aranges
                0x0000000000000050       0x50 Core/Src/retarget.o
 .debug_aranges
                0x00000000000000a0       0x40 Core/Src/stm32h7xx_hal_msp.o
 .debug_aranges
                0x00000000000000e0       0x68 Core/Src/stm32h7xx_it.o
 .debug_aranges
                0x0000000000000148       0x20 Core/Src/sysmem.o
 .debug_aranges
                0x0000000000000168       0x28 Core/Src/system_stm32h7xx.o
 .debug_aranges
                0x0000000000000190       0x28 Core/Startup/startup_stm32h743zitx.o
 .debug_aranges
                0x00000000000001b8      0x1b8 Drivers/STM32H7xx_HAL_Driver/Src/stm32h7xx_hal.o
 .debug_aranges
                0x0000000000000370      0x120 Drivers/STM32H7xx_HAL_Driver/Src/stm32h7xx_hal_cortex.o
 .debug_aranges
                0x0000000000000490      0x338 Drivers/STM32H7xx_HAL_Driver/Src/stm32h7xx_hal_fdcan.o
 .debug_aranges
                0x00000000000007c8       0x58 Drivers/STM32H7xx_HAL_Driver/Src/stm32h7xx_hal_gpio.o
 .debug_aranges
                0x0000000000000820      0x158 Drivers/STM32H7xx_HAL_Driver/Src/stm32h7xx_hal_pwr_ex.o
 .debug_aranges
                0x0000000000000978       0x88 Drivers/STM32H7xx_HAL_Driver/Src/stm32h7xx_hal_rcc.o
 .debug_aranges
                0x0000000000000a00       0xf8 Drivers/STM32H7xx_HAL_Driver/Src/stm32h7xx_hal_rcc_ex.o
 .debug_aranges
                0x0000000000000af8      0x230 Drivers/STM32H7xx_HAL_Driver/Src/stm32h7xx_hal_uart.o
 .debug_aranges
                0x0000000000000d28       0x88 Drivers/STM32H7xx_HAL_Driver/Src/stm32h7xx_hal_uart_ex.o

.debug_ranges   0x0000000000000000      0xcb8
 .debug_ranges  0x0000000000000000       0x40 Core/Src/main.o
 .debug_ranges  0x0000000000000040       0x40 Core/Src/retarget.o
 .debug_ranges  0x0000000000000080       0x30 Core/Src/stm32h7xx_hal_msp.o
 .debug_ranges  0x00000000000000b0       0x58 Core/Src/stm32h7xx_it.o
 .debug_ranges  0x0000000000000108       0x10 Core/Src/sysmem.o
 .debug_ranges  0x0000000000000118       0x18 Core/Src/system_stm32h7xx.o
 .debug_ranges  0x0000000000000130       0x20 Core/Startup/startup_stm32h743zitx.o
 .debug_ranges  0x0000000000000150      0x1a8 Drivers/STM32H7xx_HAL_Driver/Src/stm32h7xx_hal.o
 .debug_ranges  0x00000000000002f8      0x110 Drivers/STM32H7xx_HAL_Driver/Src/stm32h7xx_hal_cortex.o
 .debug_ranges  0x0000000000000408      0x328 Drivers/STM32H7xx_HAL_Driver/Src/stm32h7xx_hal_fdcan.o
 .debug_ranges  0x0000000000000730       0x48 Drivers/STM32H7xx_HAL_Driver/Src/stm32h7xx_hal_gpio.o
 .debug_ranges  0x0000000000000778      0x148 Drivers/STM32H7xx_HAL_Driver/Src/stm32h7xx_hal_pwr_ex.o
 .debug_ranges  0x00000000000008c0       0x78 Drivers/STM32H7xx_HAL_Driver/Src/stm32h7xx_hal_rcc.o
 .debug_ranges  0x0000000000000938       0xe8 Drivers/STM32H7xx_HAL_Driver/Src/stm32h7xx_hal_rcc_ex.o
 .debug_ranges  0x0000000000000a20      0x220 Drivers/STM32H7xx_HAL_Driver/Src/stm32h7xx_hal_uart.o
 .debug_ranges  0x0000000000000c40       0x78 Drivers/STM32H7xx_HAL_Driver/Src/stm32h7xx_hal_uart_ex.o

.debug_macro    0x0000000000000000    0x37549
 .debug_macro   0x0000000000000000      0x3ac Core/Src/main.o
 .debug_macro   0x00000000000003ac      0xa66 Core/Src/main.o
 .debug_macro   0x0000000000000e12      0x238 Core/Src/main.o
 .debug_macro   0x000000000000104a       0x2e Core/Src/main.o
 .debug_macro   0x0000000000001078       0x3b Core/Src/main.o
 .debug_macro   0x00000000000010b3       0x22 Core/Src/main.o
 .debug_macro   0x00000000000010d5       0x8e Core/Src/main.o
 .debug_macro   0x0000000000001163       0x51 Core/Src/main.o
 .debug_macro   0x00000000000011b4       0xef Core/Src/main.o
 .debug_macro   0x00000000000012a3       0x6a Core/Src/main.o
 .debug_macro   0x000000000000130d      0x1df Core/Src/main.o
 .debug_macro   0x00000000000014ec       0x1c Core/Src/main.o
 .debug_macro   0x0000000000001508       0x22 Core/Src/main.o
 .debug_macro   0x000000000000152a       0xdf Core/Src/main.o
 .debug_macro   0x0000000000001609     0x12cd Core/Src/main.o
 .debug_macro   0x00000000000028d6      0x11f Core/Src/main.o
 .debug_macro   0x00000000000029f5       0x19 Core/Src/main.o
 .debug_macro   0x0000000000002a0e    0x2538b Core/Src/main.o
 .debug_macro   0x0000000000027d99       0x43 Core/Src/main.o
 .debug_macro   0x0000000000027ddc     0x3cd3 Core/Src/main.o
 .debug_macro   0x000000000002baaf      0x174 Core/Src/main.o
 .debug_macro   0x000000000002bc23       0x46 Core/Src/main.o
 .debug_macro   0x000000000002bc69       0x17 Core/Src/main.o
 .debug_macro   0x000000000002bc80       0x3c Core/Src/main.o
 .debug_macro   0x000000000002bcbc       0x34 Core/Src/main.o
 .debug_macro   0x000000000002bcf0       0x52 Core/Src/main.o
 .debug_macro   0x000000000002bd42       0x1f Core/Src/main.o
 .debug_macro   0x000000000002bd61       0x43 Core/Src/main.o
 .debug_macro   0x000000000002bda4       0x20 Core/Src/main.o
 .debug_macro   0x000000000002bdc4      0x1a3 Core/Src/main.o
 .debug_macro   0x000000000002bf67      0x32a Core/Src/main.o
 .debug_macro   0x000000000002c291      0x1e1 Core/Src/main.o
 .debug_macro   0x000000000002c472       0x54 Core/Src/main.o
 .debug_macro   0x000000000002c4c6     0x2382 Core/Src/main.o
 .debug_macro   0x000000000002e848     0x1009 Core/Src/main.o
 .debug_macro   0x000000000002f851      0x138 Core/Src/main.o
 .debug_macro   0x000000000002f989      0x117 Core/Src/main.o
 .debug_macro   0x000000000002faa0      0x3b2 Core/Src/main.o
 .debug_macro   0x000000000002fe52       0x27 Core/Src/main.o
 .debug_macro   0x000000000002fe79      0x72d Core/Src/main.o
 .debug_macro   0x00000000000305a6      0x229 Core/Src/main.o
 .debug_macro   0x00000000000307cf       0x66 Core/Src/main.o
 .debug_macro   0x0000000000030835      0x3bb Core/Src/main.o
 .debug_macro   0x0000000000030bf0      0x3e5 Core/Src/main.o
 .debug_macro   0x0000000000030fd5      0x275 Core/Src/main.o
 .debug_macro   0x000000000003124a      0xe34 Core/Src/main.o
 .debug_macro   0x000000000003207e      0x3cb Core/Src/main.o
 .debug_macro   0x0000000000032449      0x41d Core/Src/main.o
 .debug_macro   0x0000000000032866       0x51 Core/Src/main.o
 .debug_macro   0x00000000000328b7       0x4a Core/Src/main.o
 .debug_macro   0x0000000000032901      0x22c Core/Src/main.o
 .debug_macro   0x0000000000032b2d       0x64 Core/Src/main.o
 .debug_macro   0x0000000000032b91       0xa5 Core/Src/main.o
 .debug_macro   0x0000000000032c36      0x1c5 Core/Src/main.o
 .debug_macro   0x0000000000032dfb      0x25f Core/Src/main.o
 .debug_macro   0x000000000003305a       0x35 Core/Src/main.o
 .debug_macro   0x000000000003308f      0x662 Core/Src/main.o
 .debug_macro   0x00000000000336f1       0xa6 Core/Src/main.o
 .debug_macro   0x0000000000033797      0x5a0 Core/Src/main.o
 .debug_macro   0x0000000000033d37       0x64 Core/Src/main.o
 .debug_macro   0x0000000000033d9b       0x1c Core/Src/main.o
 .debug_macro   0x0000000000033db7       0x35 Core/Src/main.o
 .debug_macro   0x0000000000033dec       0x10 Core/Src/main.o
 .debug_macro   0x0000000000033dfc       0x10 Core/Src/main.o
 .debug_macro   0x0000000000033e0c       0x1c Core/Src/main.o
 .debug_macro   0x0000000000033e28       0x52 Core/Src/main.o
 .debug_macro   0x0000000000033e7a       0x40 Core/Src/main.o
 .debug_macro   0x0000000000033eba       0x10 Core/Src/main.o
 .debug_macro   0x0000000000033eca       0x40 Core/Src/main.o
 .debug_macro   0x0000000000033f0a       0xd7 Core/Src/main.o
 .debug_macro   0x0000000000033fe1       0x1c Core/Src/main.o
 .debug_macro   0x0000000000033ffd       0x3d Core/Src/main.o
 .debug_macro   0x000000000003403a       0x16 Core/Src/main.o
 .debug_macro   0x0000000000034050      0x145 Core/Src/main.o
 .debug_macro   0x0000000000034195       0x16 Core/Src/main.o
 .debug_macro   0x00000000000341ab       0x10 Core/Src/main.o
 .debug_macro   0x00000000000341bb       0x10 Core/Src/main.o
 .debug_macro   0x00000000000341cb       0x35 Core/Src/main.o
 .debug_macro   0x0000000000034200      0x122 Core/Src/main.o
 .debug_macro   0x0000000000034322      0x427 Core/Src/retarget.o
 .debug_macro   0x0000000000034749       0x40 Core/Src/retarget.o
 .debug_macro   0x0000000000034789       0x94 Core/Src/retarget.o
 .debug_macro   0x000000000003481d       0x1c Core/Src/retarget.o
 .debug_macro   0x0000000000034839       0x10 Core/Src/retarget.o
 .debug_macro   0x0000000000034849       0x57 Core/Src/retarget.o
 .debug_macro   0x00000000000348a0      0x23b Core/Src/retarget.o
 .debug_macro   0x0000000000034adb      0x330 Core/Src/retarget.o
 .debug_macro   0x0000000000034e0b       0x82 Core/Src/retarget.o
 .debug_macro   0x0000000000034e8d       0x10 Core/Src/retarget.o
 .debug_macro   0x0000000000034e9d       0x2b Core/Src/retarget.o
 .debug_macro   0x0000000000034ec8      0x118 Core/Src/retarget.o
 .debug_macro   0x0000000000034fe0      0x189 Core/Src/retarget.o
 .debug_macro   0x0000000000035169       0x16 Core/Src/retarget.o
 .debug_macro   0x000000000003517f       0xd9 Core/Src/retarget.o
 .debug_macro   0x0000000000035258      0x128 Core/Src/retarget.o
 .debug_macro   0x0000000000035380       0x10 Core/Src/retarget.o
 .debug_macro   0x0000000000035390      0x29f Core/Src/stm32h7xx_hal_msp.o
 .debug_macro   0x000000000003562f      0x2a9 Core/Src/stm32h7xx_it.o
 .debug_macro   0x00000000000358d8       0xee Core/Src/sysmem.o
 .debug_macro   0x00000000000359c6      0x296 Core/Src/system_stm32h7xx.o
 .debug_macro   0x0000000000035c5c      0x2ba Drivers/STM32H7xx_HAL_Driver/Src/stm32h7xx_hal.o
 .debug_macro   0x0000000000035f16      0x290 Drivers/STM32H7xx_HAL_Driver/Src/stm32h7xx_hal_cortex.o
 .debug_macro   0x00000000000361a6      0x355 Drivers/STM32H7xx_HAL_Driver/Src/stm32h7xx_hal_fdcan.o
 .debug_macro   0x00000000000364fb      0x2cc Drivers/STM32H7xx_HAL_Driver/Src/stm32h7xx_hal_gpio.o
 .debug_macro   0x00000000000367c7      0x2c9 Drivers/STM32H7xx_HAL_Driver/Src/stm32h7xx_hal_pwr_ex.o
 .debug_macro   0x0000000000036a90      0x2b4 Drivers/STM32H7xx_HAL_Driver/Src/stm32h7xx_hal_rcc.o
 .debug_macro   0x0000000000036d44      0x2ae Drivers/STM32H7xx_HAL_Driver/Src/stm32h7xx_hal_rcc_ex.o
 .debug_macro   0x0000000000036ff2      0x2bb Drivers/STM32H7xx_HAL_Driver/Src/stm32h7xx_hal_uart.o
 .debug_macro   0x00000000000372ad      0x29c Drivers/STM32H7xx_HAL_Driver/Src/stm32h7xx_hal_uart_ex.o

.debug_line     0x0000000000000000     0xafa4
 .debug_line    0x0000000000000000      0xa12 Core/Src/main.o
 .debug_line    0x0000000000000a12      0xac6 Core/Src/retarget.o
 .debug_line    0x00000000000014d8      0x863 Core/Src/stm32h7xx_hal_msp.o
 .debug_line    0x0000000000001d3b      0x8b9 Core/Src/stm32h7xx_it.o
 .debug_line    0x00000000000025f4      0x49a Core/Src/sysmem.o
 .debug_line    0x0000000000002a8e      0x84e Core/Src/system_stm32h7xx.o
 .debug_line    0x00000000000032dc       0x87 Core/Startup/startup_stm32h743zitx.o
 .debug_line    0x0000000000003363      0xc00 Drivers/STM32H7xx_HAL_Driver/Src/stm32h7xx_hal.o
 .debug_line    0x0000000000003f63      0xb3f Drivers/STM32H7xx_HAL_Driver/Src/stm32h7xx_hal_cortex.o
 .debug_line    0x0000000000004aa2     0x1501 Drivers/STM32H7xx_HAL_Driver/Src/stm32h7xx_hal_fdcan.o
 .debug_line    0x0000000000005fa3      0x9fa Drivers/STM32H7xx_HAL_Driver/Src/stm32h7xx_hal_gpio.o
 .debug_line    0x000000000000699d      0xbdc Drivers/STM32H7xx_HAL_Driver/Src/stm32h7xx_hal_pwr_ex.o
 .debug_line    0x0000000000007579      0xbe2 Drivers/STM32H7xx_HAL_Driver/Src/stm32h7xx_hal_rcc.o
 .debug_line    0x000000000000815b      0xe40 Drivers/STM32H7xx_HAL_Driver/Src/stm32h7xx_hal_rcc_ex.o
 .debug_line    0x0000000000008f9b     0x1597 Drivers/STM32H7xx_HAL_Driver/Src/stm32h7xx_hal_uart.o
 .debug_line    0x000000000000a532      0xa72 Drivers/STM32H7xx_HAL_Driver/Src/stm32h7xx_hal_uart_ex.o

.debug_str      0x0000000000000000   0x15f7d9
 .debug_str     0x0000000000000000   0x159927 Core/Src/main.o
                                     0x159f61 (size before relaxing)
 .debug_str     0x0000000000159927      0xf2e Core/Src/retarget.o
                                     0x159f3c (size before relaxing)
 .debug_str     0x000000000015a855      0x82f Core/Src/stm32h7xx_hal_msp.o
                                     0x15894f (size before relaxing)
 .debug_str     0x000000000015b084       0xd3 Core/Src/stm32h7xx_it.o
                                     0x157a57 (size before relaxing)
 .debug_str     0x000000000015b157       0x6b Core/Src/sysmem.o
                                       0x5f81 (size before relaxing)
 .debug_str     0x000000000015b1c2      0x328 Core/Src/system_stm32h7xx.o
                                     0x1578a2 (size before relaxing)
 .debug_str     0x000000000015b4ea       0x36 Core/Startup/startup_stm32h743zitx.o
                                         0x6f (size before relaxing)
 .debug_str     0x000000000015b520      0x7c1 Drivers/STM32H7xx_HAL_Driver/Src/stm32h7xx_hal.o
                                     0x15872f (size before relaxing)
 .debug_str     0x000000000015bce1      0x3a1 Drivers/STM32H7xx_HAL_Driver/Src/stm32h7xx_hal_cortex.o
                                     0x1581ba (size before relaxing)
 .debug_str     0x000000000015c082     0x1a6f Drivers/STM32H7xx_HAL_Driver/Src/stm32h7xx_hal_fdcan.o
                                     0x159513 (size before relaxing)
 .debug_str     0x000000000015daf1      0x1ff Drivers/STM32H7xx_HAL_Driver/Src/stm32h7xx_hal_gpio.o
                                     0x15793e (size before relaxing)
 .debug_str     0x000000000015dcf0      0x631 Drivers/STM32H7xx_HAL_Driver/Src/stm32h7xx_hal_pwr_ex.o
                                     0x157d06 (size before relaxing)
 .debug_str     0x000000000015e321      0x26c Drivers/STM32H7xx_HAL_Driver/Src/stm32h7xx_hal_rcc.o
                                     0x157bcd (size before relaxing)